Component: ARM Compiler 5.05 update 1 (build 106) Tool: armlink [4d0efa]

==============================================================================

Section Cross References

    startup_stm32f407xx.o(STACK) refers (Special) to heapauxi.o(.text) for __use_two_region_memory
    startup_stm32f407xx.o(HEAP) refers (Special) to heapauxi.o(.text) for __use_two_region_memory
    startup_stm32f407xx.o(RESET) refers (Special) to heapauxi.o(.text) for __use_two_region_memory
    startup_stm32f407xx.o(RESET) refers to startup_stm32f407xx.o(STACK) for __initial_sp
    startup_stm32f407xx.o(RESET) refers to startup_stm32f407xx.o(.text) for Reset_Handler
    startup_stm32f407xx.o(RESET) refers to stm32f4xx_it.o(i.NMI_Handler) for NMI_Handler
    startup_stm32f407xx.o(RESET) refers to stm32f4xx_it.o(i.HardFault_Handler) for HardFault_Handler
    startup_stm32f407xx.o(RESET) refers to stm32f4xx_it.o(i.MemManage_Handler) for MemManage_Handler
    startup_stm32f407xx.o(RESET) refers to stm32f4xx_it.o(i.BusFault_Handler) for BusFault_Handler
    startup_stm32f407xx.o(RESET) refers to stm32f4xx_it.o(i.UsageFault_Handler) for UsageFault_Handler
    startup_stm32f407xx.o(RESET) refers to port.o(.emb_text) for SVC_Handler
    startup_stm32f407xx.o(RESET) refers to stm32f4xx_it.o(i.DebugMon_Handler) for DebugMon_Handler
    startup_stm32f407xx.o(RESET) refers to stm32f4xx_it.o(i.SysTick_Handler) for SysTick_Handler
    startup_stm32f407xx.o(RESET) refers to stm32f4xx_it.o(i.EXTI0_IRQHandler) for EXTI0_IRQHandler
    startup_stm32f407xx.o(RESET) refers to stm32f4xx_it.o(i.EXTI3_IRQHandler) for EXTI3_IRQHandler
    startup_stm32f407xx.o(RESET) refers to stm32f4xx_it.o(i.EXTI4_IRQHandler) for EXTI4_IRQHandler
    startup_stm32f407xx.o(RESET) refers to stm32f4xx_it.o(i.CAN1_RX0_IRQHandler) for CAN1_RX0_IRQHandler
    startup_stm32f407xx.o(RESET) refers to stm32f4xx_it.o(i.EXTI9_5_IRQHandler) for EXTI9_5_IRQHandler
    startup_stm32f407xx.o(RESET) refers to stm32f4xx_it.o(i.USART1_IRQHandler) for USART1_IRQHandler
    startup_stm32f407xx.o(RESET) refers to remote_control.o(i.USART3_IRQHandler) for USART3_IRQHandler
    startup_stm32f407xx.o(RESET) refers to bsp_i2c.o(i.DMA1_Stream7_IRQHandler) for DMA1_Stream7_IRQHandler
    startup_stm32f407xx.o(RESET) refers to stm32f4xx_it.o(i.DMA2_Stream1_IRQHandler) for DMA2_Stream1_IRQHandler
    startup_stm32f407xx.o(RESET) refers to stm32f4xx_it.o(i.CAN2_RX0_IRQHandler) for CAN2_RX0_IRQHandler
    startup_stm32f407xx.o(RESET) refers to stm32f4xx_it.o(i.OTG_FS_IRQHandler) for OTG_FS_IRQHandler
    startup_stm32f407xx.o(RESET) refers to stm32f4xx_it.o(i.DMA2_Stream5_IRQHandler) for DMA2_Stream5_IRQHandler
    startup_stm32f407xx.o(RESET) refers to stm32f4xx_it.o(i.DMA2_Stream6_IRQHandler) for DMA2_Stream6_IRQHandler
    startup_stm32f407xx.o(RESET) refers to stm32f4xx_it.o(i.DMA2_Stream7_IRQHandler) for DMA2_Stream7_IRQHandler
    startup_stm32f407xx.o(RESET) refers to referee_usart_task.o(i.USART6_IRQHandler) for USART6_IRQHandler
    startup_stm32f407xx.o(.text) refers (Special) to heapauxi.o(.text) for __use_two_region_memory
    startup_stm32f407xx.o(.text) refers to system_stm32f4xx.o(i.SystemInit) for SystemInit
    startup_stm32f407xx.o(.text) refers to __main.o(!!!main) for __main
    startup_stm32f407xx.o(.text) refers to startup_stm32f407xx.o(HEAP) for Heap_Mem
    startup_stm32f407xx.o(.text) refers to startup_stm32f407xx.o(STACK) for Stack_Mem
    main.o(i.SystemClock_Config) refers to rt_memclr_w.o(.text) for __aeabi_memclr4
    main.o(i.SystemClock_Config) refers to stm32f4xx_hal_rcc.o(i.HAL_RCC_OscConfig) for HAL_RCC_OscConfig
    main.o(i.SystemClock_Config) refers to main.o(i.Error_Handler) for Error_Handler
    main.o(i.SystemClock_Config) refers to stm32f4xx_hal_rcc.o(i.HAL_RCC_ClockConfig) for HAL_RCC_ClockConfig
    main.o(i.main) refers to stm32f4xx_hal.o(i.HAL_Init) for HAL_Init
    main.o(i.main) refers to main.o(i.SystemClock_Config) for SystemClock_Config
    main.o(i.main) refers to gpio.o(i.MX_GPIO_Init) for MX_GPIO_Init
    main.o(i.main) refers to dma.o(i.MX_DMA_Init) for MX_DMA_Init
    main.o(i.main) refers to adc.o(i.MX_ADC1_Init) for MX_ADC1_Init
    main.o(i.main) refers to adc.o(i.MX_ADC3_Init) for MX_ADC3_Init
    main.o(i.main) refers to can.o(i.MX_CAN1_Init) for MX_CAN1_Init
    main.o(i.main) refers to can.o(i.MX_CAN2_Init) for MX_CAN2_Init
    main.o(i.main) refers to i2c.o(i.MX_I2C1_Init) for MX_I2C1_Init
    main.o(i.main) refers to spi.o(i.MX_SPI1_Init) for MX_SPI1_Init
    main.o(i.main) refers to tim.o(i.MX_TIM4_Init) for MX_TIM4_Init
    main.o(i.main) refers to tim.o(i.MX_TIM5_Init) for MX_TIM5_Init
    main.o(i.main) refers to usart.o(i.MX_USART3_UART_Init) for MX_USART3_UART_Init
    main.o(i.main) refers to tim.o(i.MX_TIM8_Init) for MX_TIM8_Init
    main.o(i.main) refers to crc.o(i.MX_CRC_Init) for MX_CRC_Init
    main.o(i.main) refers to rng.o(i.MX_RNG_Init) for MX_RNG_Init
[...]
    __temporary_stack_top$libspace           0x200096bc   Data           0  libspace.o(.bss)



==============================================================================

Memory Map of the image

  Image Entry point : 0x08000189

  Load Region LR_IROM1 (Base: 0x08000000, Size: 0x00015afc, Max: 0x00100000, ABSOLUTE, COMPRESSED[0x00015580])

    Execution Region ER_IROM1 (Exec base: 0x08000000, Load base: 0x08000000, Size: 0x00015494, Max: 0x00100000, ABSOLUTE)

    Exec Addr    Load Addr    Size         Type   Attr      Idx    E Section Name        Object

    0x08000000   0x08000000   0x00000188   Data   RO            3    RESET               startup_stm32f407xx.o
    0x08000188   0x08000188   0x00000008   Code   RO        12745  * !!!main             c_w.l(__main.o)
    0x08000190   0x08000190   0x00000034   Code   RO        13275    !!!scatter          c_w.l(__scatter.o)
    0x080001c4   0x080001c4   0x0000005a   Code   RO        13273    !!dczerorl2         c_w.l(__dczerorl2.o)
    0x0800021e   0x0800021e   0x00000002   PAD
    0x08000220   0x08000220   0x0000001c   Code   RO        13277    !!handler_zi        c_w.l(__scatter_zi.o)
    0x0800023c   0x0800023c   0x00000002   Code   RO        13204    .ARM.Collect$$libinit$$00000000  c_w.l(libinit.o)
    0x0800023e   0x0800023e   0x00000004   Code   RO        12976    .ARM.Collect$$libinit$$00000001  c_w.l(libinit2.o)
    0x08000242   0x08000242   0x00000000   Code   RO        12979    .ARM.Collect$$libinit$$00000004  c_w.l(libinit2.o)
    0x08000242   0x08000242   0x00000008   Code   RO        12980    .ARM.Collect$$libinit$$00000005  c_w.l(libinit2.o)
    0x0800024a   0x0800024a   0x00000000   Code   RO        12982    .ARM.Collect$$libinit$$0000000A  c_w.l(libinit2.o)
    0x0800024a   0x0800024a   0x00000000   Code   RO        12984    .ARM.Collect$$libinit$$0000000C  c_w.l(libinit2.o)
    0x0800024a   0x0800024a   0x00000000   Code   RO        12986    .ARM.Collect$$libinit$$0000000E  c_w.l(libinit2.o)
    0x0800024a   0x0800024a   0x00000000   Code   RO        12989    .ARM.Collect$$libinit$$00000011  c_w.l(libinit2.o)
    0x0800024a   0x0800024a   0x00000000   Code   RO        12991    .ARM.Collect$$libinit$$00000013  c_w.l(libinit2.o)
    0x0800024a   0x0800024a   0x00000000   Code   RO        12993    .ARM.Collect$$libinit$$00000015  c_w.l(libinit2.o)
    0x0800024a   0x0800024a   0x00000000   Code   RO        12995    .ARM.Collect$$libinit$$00000017  c_w.l(libinit2.o)
    0x0800024a   0x0800024a   0x00000000   Code   RO        12997    .ARM.Collect$$libinit$$00000019  c_w.l(libinit2.o)
    0x0800024a   0x0800024a   0x00000000   Code   RO        12999    .ARM.Collect$$libinit$$0000001B  c_w.l(libinit2.o)
    0x0800024a   0x0800024a   0x00000000   Code   RO        13001    .ARM.Collect$$libinit$$0000001D  c_w.l(libinit2.o)
    0x0800024a   0x0800024a   0x00000000   Code   RO        13003    .ARM.Collect$$libinit$$0000001F  c_w.l(libinit2.o)
    0x0800024a   0x0800024a   0x00000000   Code   RO        13005    .ARM.Collect$$libinit$$00000021  c_w.l(libinit2.o)
    0x0800024a   0x0800024a   0x00000000   Code   RO        13007    .ARM.Collect$$libinit$$00000023  c_w.l(libinit2.o)
    0x0800024a   0x0800024a   0x00000000   Code   RO        13009    .ARM.Collect$$libinit$$00000025  c_w.l(libinit2.o)
    0x0800024a   0x0800024a   0x00000000   Code   RO        13013    .ARM.Collect$$libinit$$0000002C  c_w.l(libinit2.o)
    0x0800024a   0x0800024a   0x00000000   Code   RO        13015    .ARM.Collect$$libinit$$0000002E  c_w.l(libinit2.o)
    0x0800024a   0x0800024a   0x00000000   Code   RO        13017    .ARM.Collect$$libinit$$00000030  c_w.l(libinit2.o)
    0x0800024a   0x0800024a   0x00000000   Code   RO        13019    .ARM.Collect$$libinit$$00000032  c_w.l(libinit2.o)
    0x0800024a   0x0800024a   0x00000002   Code   RO        13020    .ARM.Collect$$libinit$$00000033  c_w.l(libinit2.o)
    0x0800024c   0x0800024c   0x00000002   Code   RO        13270    .ARM.Collect$$libshutdown$$00000000  c_w.l(libshutdown.o)
    0x0800024e   0x0800024e   0x00000000   Code   RO        13230    .ARM.Collect$$libshutdown$$00000003  c_w.l(libshutdown2.o)
    0x0800024e   0x0800024e   0x00000000   Code   RO        13233    .ARM.Collect$$libshutdown$$00000006  c_w.l(libshutdown2.o)
    0x0800024e   0x0800024e   0x00000000   Code   RO        13236    .ARM.Collect$$libshutdown$$00000009  c_w.l(libshutdown2.o)
    0x0800024e   0x0800024e   0x00000000   Code   RO        13238    .ARM.Collect$$libshutdown$$0000000B  c_w.l(libshutdown2.o)
    0x0800024e   0x0800024e   0x00000000   Code   RO        13241    .ARM.Collect$$libshutdown$$0000000E  c_w.l(libshutdown2.o)
    0x0800024e   0x0800024e   0x00000002   Code   RO        13242    .ARM.Collect$$libshutdown$$0000000F  c_w.l(libshutdown2.o)
    0x08000250   0x08000250   0x00000000   Code   RO        12851    .ARM.Collect$$rtentry$$00000000  c_w.l(__rtentry.o)
    0x08000250   0x08000250   0x00000000   Code   RO        13077    .ARM.Collect$$rtentry$$00000002  c_w.l(__rtentry2.o)
    0x08000250   0x08000250   0x00000006   Code   RO        13089    .ARM.Collect$$rtentry$$00000004  c_w.l(__rtentry4.o)
    0x08000256   0x08000256   0x00000000   Code   RO        13079    .ARM.Collect$$rtentry$$00000009  c_w.l(__rtentry2.o)
    0x08000256   0x08000256   0x00000004   Code   RO        13080    .ARM.Collect$$rtentry$$0000000A  c_w.l(__rtentry2.o)
    0x0800025a   0x0800025a   0x00000000   Code   RO        13082    .ARM.Collect$$rtentry$$0000000C  c_w.l(__rtentry2.o)
    0x0800025a   0x0800025a   0x00000008   Code   RO        13083    .ARM.Collect$$rtentry$$0000000D  c_w.l(__rtentry2.o)
    0x08000262   0x08000262   0x00000002   Code   RO        13211    .ARM.Collect$$rtexit$$00000000  c_w.l(rtexit.o)
    0x08000264   0x08000264   0x00000000   Code   RO        13246    .ARM.Collect$$rtexit$$00000002  c_w.l(rtexit2.o)
    0x08000264   0x08000264   0x00000004   Code   RO        13247    .ARM.Collect$$rtexit$$00000003  c_w.l(rtexit2.o)
    0x08000268   0x08000268   0x00000006   Code   RO        13248    .ARM.Collect$$rtexit$$00000004  c_w.l(rtexit2.o)
    0x0800026e   0x0800026e   0x00000002   PAD
    0x08000270   0x08000270   0x000000be   Code   RO        11853    .emb_text           port.o
    0x0800032e   0x0800032e   0x00000002   PAD
    0x08000330   0x08000330   0x00000000   Code   RO        13100    .emb_text           c_w.l(maybetermalloc1.o)
    0x08000330   0x08000330   0x00000040   Code   RO            4    .text               startup_stm32f407xx.o
    0x08000370   0x08000370   0x00000078   Code   RO        12359    .text               arm_cortexM4lf_math.lib(arm_cos_f32.o)
    0x080003e8   0x080003e8   0x00000074   Code   RO        12412    .text               arm_cortexM4lf_math.lib(arm_sin_f32.o)
    0x0800045c   0x0800045c   0x00000108   Code   RO        12436    .text               arm_cortexM4lf_math.lib(arm_mat_add_f32.o)
    0x08000564   0x08000564   0x00000008   Code   RO        12460    .text               arm_cortexM4lf_math.lib(arm_mat_init_f32.o)
    0x0800056c   0x0800056c   0x00000530   Code   RO        12484    .text               arm_cortexM4lf_math.lib(arm_mat_inverse_f32.o)
    0x08000a9c   0x08000a9c   0x0000013c   Code   RO        12508    .text               arm_cortexM4lf_math.lib(arm_mat_mult_f32.o)
    0x08000bd8   0x08000bd8   0x00000108   Code   RO        12532    .text               arm_cortexM4lf_math.lib(arm_mat_sub_f32.o)
    0x08000ce0   0x08000ce0   0x00000114   Code   RO        12556    .text               arm_cortexM4lf_math.lib(arm_mat_trans_f32.o)
    0x08000df4   0x08000df4   0x0000005e   Code   RO        12665    .text               c_w.l(h1_alloc.o)
    0x08000e52   0x08000e52   0x0000004e   Code   RO        12667    .text               c_w.l(h1_free.o)
    0x08000ea0   0x08000ea0   0x000000ee   Code   RO        12723    .text               c_w.l(lludivv7m.o)
    0x08000f8e   0x08000f8e   0x0000008a   Code   RO        12731    .text               c_w.l(rt_memcpy_v6.o)
    0x08001018   0x08001018   0x00000064   Code   RO        12733    .text               c_w.l(rt_memcpy_w.o)
    0x0800107c   0x0800107c   0x00000010   Code   RO        12737    .text               c_w.l(aeabi_memset.o)
    0x0800108c   0x0800108c   0x00000044   Code   RO        12739    .text               c_w.l(rt_memclr.o)
    0x080010d0   0x080010d0   0x0000004e   Code   RO        12741    .text               c_w.l(rt_memclr_w.o)
    0x0800111e   0x0800111e   0x00000006   Code   RO        12743    .text               c_w.l(heapauxi.o)
    0x08001124   0x08001124   0x00000008   Code   RO        12859    .text               c_w.l(rt_heap_descriptor_intlibspace.o)
    0x0800112c   0x0800112c   0x00000004   Code   RO        12861    .text               c_w.l(hguard.o)
    0x08001130   0x08001130   0x0000008a   Code   RO        12863    .text               c_w.l(init_alloc.o)
    0x080011ba   0x080011ba   0x0000000e   Code   RO        12867    .text               c_w.l(h1_init.o)
    0x080011c8   0x080011c8   0x00000016   Code   RO        12881    .text               c_w.l(_rserrno.o)
    0x080011de   0x080011de   0x00000002   PAD
    0x080011e0   0x080011e0   0x00000008   Code   RO        13073    .text               c_w.l(libspace.o)
    0x080011e8   0x080011e8   0x00000008   Code   RO        13096    .text               c_w.l(rt_errno_addr_intlibspace.o)
    0x080011f0   0x080011f0   0x00000034   Code   RO        13102    .text               c_w.l(h1_extend.o)
    0x08001224   0x08001224   0x00000030   Code   RO        13108    .text               c_w.l(_fptrap.o)
    0x08001254   0x08001254   0x0000000e   Code   RO        13126    .text               c_w.l(defsig_rtmem_outer.o)
    0x08001262   0x08001262   0x00000002   Code   RO        13139    .text               c_w.l(use_no_semi.o)
    0x08001264   0x08001264   0x00000000   Code   RO        13141    .text               c_w.l(indicate_semi.o)
    0x08001264   0x08001264   0x0000004a   Code   RO        13142    .text               c_w.l(sys_stackheap_outer.o)
    0x080012ae   0x080012ae   0x0000000c   Code   RO        13185    .text               c_w.l(exit.o)
    0x080012ba   0x080012ba   0x0000000a   Code   RO        13187    .text               c_w.l(defsig_exit.o)
    0x080012c4   0x080012c4   0x0000000e   Code   RO        13189    .text               c_w.l(defsig_fpe_outer.o)
    0x080012d2   0x080012d2   0x00000002   PAD
    0x080012d4   0x080012d4   0x00000050   Code   RO        13193    .text               c_w.l(defsig_rtmem_inner.o)
    0x08001324   0x08001324   0x0000000c   Code   RO        13209    .text               c_w.l(sys_exit.o)
    0x08001330   0x08001330   0x00000032   Code   RO        13222    .text               c_w.l(defsig_general.o)
    0x08001362   0x08001362   0x00000002   PAD
    0x08001364   0x08001364   0x000000ac   Code   RO        13224    .text               c_w.l(defsig_fpe_inner.o)
    0x08001410   0x08001410   0x0000000e   Code   RO        13243    .text               c_w.l(sys_wrch.o)
    0x0800141e   0x0800141e   0x00000002   PAD
    0x08001420   0x08001420   0x00000130   Code   RO         7163    i.ADC_Init          stm32f4xx_hal_adc.o
    0x08001550   0x08001550   0x00000014   Code   RO         3391    i.BMI088_ACCEL_NS_H  bmi088middleware.o
    0x08001564   0x08001564   0x00000014   Code   RO         3392    i.BMI088_ACCEL_NS_L  bmi088middleware.o
    0x08001578   0x08001578   0x00000014   Code   RO         3393    i.BMI088_GYRO_NS_H  bmi088middleware.o
    0x0800158c   0x0800158c   0x00000014   Code   RO         3394    i.BMI088_GYRO_NS_L  bmi088middleware.o
    0x080015a0   0x080015a0   0x0000027c   Code   RO         3303    i.BMI088_Read       bmi088driver.o
    0x0800181c   0x0800181c   0x00000098   Code   RO         3304    i.BMI088_init       bmi088driver.o
    0x080018b4   0x080018b4   0x00000026   Code   RO         3305    i.BMI088_read_muli_reg  bmi088driver.o
    0x080018da   0x080018da   0x00000018   Code   RO         3306    i.BMI088_read_single_reg  bmi088driver.o
    0x080018f2   0x080018f2   0x00000002   PAD
    0x080018f4   0x080018f4   0x00000024   Code   RO         3395    i.BMI088_read_write_byte  bmi088middleware.o
    0x08001918   0x08001918   0x00000014   Code   RO         3307    i.BMI088_write_single_reg  bmi088driver.o
    0x0800192c   0x0800192c   0x0000015a   Code   RO         5293    i.BodyFrameToEarthFrame  imutask.o
    0x08001a86   0x08001a86   0x00000004   Code   RO         1375    i.BusFault_Handler  stm32f4xx_it.o
    0x08001a8a   0x08001a8a   0x00000002   PAD
    0x08001a8c   0x08001a8c   0x00000010   Code   RO         1376    i.CAN1_RX0_IRQHandler  stm32f4xx_it.o
    0x08001a9c   0x08001a9c   0x00000010   Code   RO         1377    i.CAN2_RX0_IRQHandler  stm32f4xx_it.o
    0x08001aac   0x08001aac   0x00000050   Code   RO         2417    i.CAN_cmd_chassis   can_receive.o
    0x08001afc   0x08001afc   0x00000050   Code   RO         2419    i.CAN_cmd_gimbal    can_receive.o
    0x08001b4c   0x08001b4c   0x00000050   Code   RO         2420    i.CAN_cmd_shoot     can_receive.o
    0x08001b9c   0x08001b9c   0x00000540   Code   RO         3308    i.Calibrate_MPU_Offset  bmi088driver.o
    0x080020dc   0x080020dc   0x0000000c   Code   RO         3071    i.Chassis_Power_Limit  referee_lib.o
    0x080020e8   0x080020e8   0x0000007c   Code   RO         2004    i.DMA1_Stream7_IRQHandler  bsp_i2c.o
    0x08002164   0x08002164   0x00000010   Code   RO         1378    i.DMA2_Stream1_IRQHandler  stm32f4xx_it.o
    0x08002174   0x08002174   0x00000010   Code   RO         1379    i.DMA2_Stream5_IRQHandler  stm32f4xx_it.o
    0x08002184   0x08002184   0x00000010   Code   RO         1380    i.DMA2_Stream6_IRQHandler  stm32f4xx_it.o
    0x08002194   0x08002194   0x00000010   Code   RO         1381    i.DMA2_Stream7_IRQHandler  stm32f4xx_it.o
    0x080021a4   0x080021a4   0x00000034   Code   RO         6492    i.DMA_CalcBaseAndBitshift  stm32f4xx_hal_dma.o
    0x080021d8   0x080021d8   0x0000007e   Code   RO         6493    i.DMA_CheckFifoParam  stm32f4xx_hal_dma.o
    0x08002256   0x08002256   0x00000038   Code   RO         6494    i.DMA_SetConfig     stm32f4xx_hal_dma.o
    0x0800228e   0x0800228e   0x00000002   PAD
    0x08002290   0x08002290   0x00000030   Code   RO         2340    i.DWT_CNT_Update    bsp_dwt.o
    0x080022c0   0x080022c0   0x0000003c   Code   RO         2341    i.DWT_Delay         bsp_dwt.o
    0x080022fc   0x080022fc   0x0000004c   Code   RO         2342    i.DWT_GetDeltaT     bsp_dwt.o
    0x08002348   0x08002348   0x00000054   Code   RO         2345    i.DWT_GetTimeline_s  bsp_dwt.o
    0x0800239c   0x0800239c   0x00000068   Code   RO         2347    i.DWT_Init          bsp_dwt.o
    0x08002404   0x08002404   0x000000d0   Code   RO         2348    i.DWT_SysTimeUpdate  bsp_dwt.o
    0x080024d4   0x080024d4   0x00000002   Code   RO         1382    i.DebugMon_Handler  stm32f4xx_it.o
    0x080024d6   0x080024d6   0x0000000a   Code   RO         1383    i.EXTI0_IRQHandler  stm32f4xx_it.o
    0x080024e0   0x080024e0   0x0000000a   Code   RO         1384    i.EXTI3_IRQHandler  stm32f4xx_it.o
    0x080024ea   0x080024ea   0x0000000a   Code   RO         1385    i.EXTI4_IRQHandler  stm32f4xx_it.o
    0x080024f4   0x080024f4   0x0000000a   Code   RO         1386    i.EXTI9_5_IRQHandler  stm32f4xx_it.o
    0x080024fe   0x080024fe   0x0000015a   Code   RO         5294    i.EarthFrameToBodyFrame  imutask.o
    0x08002658   0x08002658   0x00000002   Code   RO           14    i.Error_Handler     main.o
    0x0800265a   0x0800265a   0x00000002   PAD
    0x0800265c   0x0800265c   0x00000068   Code   RO         2989    i.Get_SHOOT_RPM     shoot.o
    0x080026c4   0x080026c4   0x00000174   Code   RO         7165    i.HAL_ADC_ConfigChannel  stm32f4xx_hal_adc.o
    0x08002838   0x08002838   0x00000006   Code   RO         7172    i.HAL_ADC_GetValue  stm32f4xx_hal_adc.o
    0x0800283e   0x0800283e   0x00000056   Code   RO         7174    i.HAL_ADC_Init      stm32f4xx_hal_adc.o
    0x08002894   0x08002894   0x000000ac   Code   RO          493    i.HAL_ADC_MspInit   adc.o
    0x08002940   0x08002940   0x000000c6   Code   RO         7178    i.HAL_ADC_PollForConversion  stm32f4xx_hal_adc.o
    0x08002a06   0x08002a06   0x00000002   PAD
    0x08002a08   0x08002a08   0x00000128   Code   RO         7180    i.HAL_ADC_Start     stm32f4xx_hal_adc.o
    0x08002b30   0x08002b30   0x00000024   Code   RO         7439    i.HAL_CAN_ActivateNotification  stm32f4xx_hal_can.o
    0x08002b54   0x08002b54   0x00000104   Code   RO         7440    i.HAL_CAN_AddTxMessage  stm32f4xx_hal_can.o
    0x08002c58   0x08002c58   0x00000128   Code   RO         7441    i.HAL_CAN_ConfigFilter  stm32f4xx_hal_can.o
    0x08002d80   0x08002d80   0x00000002   Code   RO         7444    i.HAL_CAN_ErrorCallback  stm32f4xx_hal_can.o
    0x08002d82   0x08002d82   0x0000016c   Code   RO         7447    i.HAL_CAN_GetRxMessage  stm32f4xx_hal_can.o
    0x08002eee   0x08002eee   0x00000234   Code   RO         7451    i.HAL_CAN_IRQHandler  stm32f4xx_hal_can.o
    0x08003122   0x08003122   0x00000168   Code   RO         7452    i.HAL_CAN_Init      stm32f4xx_hal_can.o
    0x0800328a   0x0800328a   0x00000002   PAD
    0x0800328c   0x0800328c   0x00000160   Code   RO          541    i.HAL_CAN_MspInit   can.o
    0x080033ec   0x080033ec   0x00000002   Code   RO         7459    i.HAL_CAN_RxFifo0FullCallback  stm32f4xx_hal_can.o
    0x080033ee   0x080033ee   0x00000002   PAD
    0x080033f0   0x080033f0   0x000003a0   Code   RO         2421    i.HAL_CAN_RxFifo0MsgPendingCallback  can_receive.o
    0x08003790   0x08003790   0x00000002   Code   RO         7461    i.HAL_CAN_RxFifo1FullCallback  stm32f4xx_hal_can.o
    0x08003792   0x08003792   0x00000002   Code   RO         7462    i.HAL_CAN_RxFifo1MsgPendingCallback  stm32f4xx_hal_can.o
    0x08003794   0x08003794   0x00000002   Code   RO         7463    i.HAL_CAN_SleepCallback  stm32f4xx_hal_can.o
    0x08003796   0x08003796   0x00000064   Code   RO         7464    i.HAL_CAN_Start     stm32f4xx_hal_can.o
    0x080037fa   0x080037fa   0x00000002   Code   RO         7466    i.HAL_CAN_TxMailbox0AbortCallback  stm32f4xx_hal_can.o
    0x080037fc   0x080037fc   0x00000002   Code   RO         7467    i.HAL_CAN_TxMailbox0CompleteCallback  stm32f4xx_hal_can.o
    0x080037fe   0x080037fe   0x00000002   Code   RO         7468    i.HAL_CAN_TxMailbox1AbortCallback  stm32f4xx_hal_can.o
    0x08003800   0x08003800   0x00000002   Code   RO         7469    i.HAL_CAN_TxMailbox1CompleteCallback  stm32f4xx_hal_can.o
    0x08003802   0x08003802   0x00000002   Code   RO         7470    i.HAL_CAN_TxMailbox2AbortCallback  stm32f4xx_hal_can.o
    0x08003804   0x08003804   0x00000002   Code   RO         7471    i.HAL_CAN_TxMailbox2CompleteCallback  stm32f4xx_hal_can.o
    0x08003806   0x08003806   0x00000002   Code   RO         7473    i.HAL_CAN_WakeUpFromRxMsgCallback  stm32f4xx_hal_can.o
    0x08003808   0x08003808   0x00000024   Code   RO         7676    i.HAL_CRC_Init      stm32f4xx_hal_crc.o
    0x0800382c   0x0800382c   0x00000034   Code   RO          590    i.HAL_CRC_MspInit   crc.o
    0x08003860   0x08003860   0x000000a2   Code   RO         6495    i.HAL_DMA_Abort     stm32f4xx_hal_dma.o
    0x08003902   0x08003902   0x00000024   Code   RO         6496    i.HAL_DMA_Abort_IT  stm32f4xx_hal_dma.o
    0x08003926   0x08003926   0x00000002   PAD
    0x08003928   0x08003928   0x000001ec   Code   RO         6500    i.HAL_DMA_IRQHandler  stm32f4xx_hal_dma.o
    0x08003b14   0x08003b14   0x000000ec   Code   RO         6501    i.HAL_DMA_Init      stm32f4xx_hal_dma.o
    0x08003c00   0x08003c00   0x0000004a   Code   RO         6504    i.HAL_DMA_Start     stm32f4xx_hal_dma.o
    0x08003c4a   0x08003c4a   0x00000002   PAD
    0x08003c4c   0x08003c4c   0x00000028   Code   RO         6909    i.HAL_Delay         stm32f4xx_hal.o
    0x08003c74   0x08003c74   0x00000002   Code   RO         6386    i.HAL_GPIO_EXTI_Callback  stm32f4xx_hal_gpio.o
    0x08003c76   0x08003c76   0x00000002   PAD
    0x08003c78   0x08003c78   0x00000018   Code   RO         6387    i.HAL_GPIO_EXTI_IRQHandler  stm32f4xx_hal_gpio.o
    0x08003c90   0x08003c90   0x00000210   Code   RO         6388    i.HAL_GPIO_Init     stm32f4xx_hal_gpio.o
    0x08003ea0   0x08003ea0   0x0000000e   Code   RO         6392    i.HAL_GPIO_WritePin  stm32f4xx_hal_gpio.o
    0x08003eae   0x08003eae   0x00000002   PAD
    0x08003eb0   0x08003eb0   0x0000000c   Code   RO         6915    i.HAL_GetTick       stm32f4xx_hal.o
    0x08003ebc   0x08003ebc   0x000001ac   Code   RO         7743    i.HAL_I2C_Init      stm32f4xx_hal_i2c.o
    0x08004068   0x08004068   0x00000208   Code   RO          656    i.HAL_I2C_MspInit   i2c.o
    0x08004270   0x08004270   0x00000010   Code   RO         6921    i.HAL_IncTick       stm32f4xx_hal.o
    0x08004280   0x08004280   0x00000034   Code   RO         6922    i.HAL_Init          stm32f4xx_hal.o
    0x080042b4   0x080042b4   0x00000044   Code   RO         6923    i.HAL_InitTick      stm32f4xx_hal.o
    0x080042f8   0x080042f8   0x00000054   Code   RO         1511    i.HAL_MspInit       stm32f4xx_hal_msp.o
    0x0800434c   0x0800434c   0x0000001c   Code   RO         6777    i.HAL_NVIC_EnableIRQ  stm32f4xx_hal_cortex.o
    0x08004368   0x08004368   0x00000068   Code   RO         6783    i.HAL_NVIC_SetPriority  stm32f4xx_hal_cortex.o
    0x080043d0   0x080043d0   0x00000024   Code   RO         6784    i.HAL_NVIC_SetPriorityGrouping  stm32f4xx_hal_cortex.o
    0x080043f4   0x080043f4   0x00000002   Code   RO         5636    i.HAL_PCDEx_LPM_Callback  stm32f4xx_hal_pcd_ex.o
    0x080043f6   0x080043f6   0x0000000e   Code   RO         1021    i.HAL_PCD_ConnectCallback  usbd_conf.o
    0x08004404   0x08004404   0x00000020   Code   RO         1022    i.HAL_PCD_DataInStageCallback  usbd_conf.o
    0x08004424   0x08004424   0x00000020   Code   RO         1023    i.HAL_PCD_DataOutStageCallback  usbd_conf.o
    0x08004444   0x08004444   0x0000000e   Code   RO         1024    i.HAL_PCD_DisconnectCallback  usbd_conf.o
    0x08004452   0x08004452   0x00000020   Code   RO         5401    i.HAL_PCD_EP_Abort  stm32f4xx_hal_pcd.o
    0x08004472   0x08004472   0x0000005c   Code   RO         5403    i.HAL_PCD_EP_ClrStall  stm32f4xx_hal_pcd.o
    0x080044ce   0x080044ce   0x0000005c   Code   RO         5406    i.HAL_PCD_EP_Open   stm32f4xx_hal_pcd.o
    0x0800452a   0x0800452a   0x00000046   Code   RO         5407    i.HAL_PCD_EP_Receive  stm32f4xx_hal_pcd.o
    0x08004570   0x08004570   0x00000074   Code   RO         5408    i.HAL_PCD_EP_SetStall  stm32f4xx_hal_pcd.o
    0x080045e4   0x080045e4   0x00000046   Code   RO         5409    i.HAL_PCD_EP_Transmit  stm32f4xx_hal_pcd.o
    0x0800462a   0x0800462a   0x00000564   Code   RO         5411    i.HAL_PCD_IRQHandler  stm32f4xx_hal_pcd.o
    0x08004b8e   0x08004b8e   0x00000012   Code   RO         1025    i.HAL_PCD_ISOINIncompleteCallback  usbd_conf.o
    0x08004ba0   0x08004ba0   0x00000012   Code   RO         1026    i.HAL_PCD_ISOOUTIncompleteCallback  usbd_conf.o
    0x08004bb2   0x08004bb2   0x00000030   Code   RO         1029    i.HAL_PCD_ResetCallback  usbd_conf.o
    0x08004be2   0x08004be2   0x0000000e   Code   RO         1030    i.HAL_PCD_ResumeCallback  usbd_conf.o
    0x08004bf0   0x08004bf0   0x0000000e   Code   RO         1031    i.HAL_PCD_SOFCallback  usbd_conf.o
    0x08004bfe   0x08004bfe   0x00000028   Code   RO         5420    i.HAL_PCD_SetAddress  stm32f4xx_hal_pcd.o
    0x08004c26   0x08004c26   0x00000012   Code   RO         1032    i.HAL_PCD_SetupStageCallback  usbd_conf.o
    0x08004c38   0x08004c38   0x00000034   Code   RO         1033    i.HAL_PCD_SuspendCallback  usbd_conf.o
    0x08004c6c   0x08004c6c   0x0000017c   Code   RO         6094    i.HAL_RCCEx_PeriphCLKConfig  stm32f4xx_hal_rcc_ex.o
    0x08004de8   0x08004de8   0x0000017c   Code   RO         5989    i.HAL_RCC_ClockConfig  stm32f4xx_hal_rcc.o
    0x08004f64   0x08004f64   0x0000000c   Code   RO         5994    i.HAL_RCC_GetHCLKFreq  stm32f4xx_hal_rcc.o
    0x08004f70   0x08004f70   0x00000020   Code   RO         5996    i.HAL_RCC_GetPCLK1Freq  stm32f4xx_hal_rcc.o
    0x08004f90   0x08004f90   0x00000020   Code   RO         5997    i.HAL_RCC_GetPCLK2Freq  stm32f4xx_hal_rcc.o
    0x08004fb0   0x08004fb0   0x00000070   Code   RO         5998    i.HAL_RCC_GetSysClockFreq  stm32f4xx_hal_rcc.o
    0x08005020   0x08005020   0x00000482   Code   RO         6001    i.HAL_RCC_OscConfig  stm32f4xx_hal_rcc.o
    0x080054a2   0x080054a2   0x00000034   Code   RO         8231    i.HAL_RNG_Init      stm32f4xx_hal_rng.o
    0x080054d6   0x080054d6   0x00000002   PAD
    0x080054d8   0x080054d8   0x00000034   Code   RO          710    i.HAL_RNG_MspInit   rng.o
    0x0800550c   0x0800550c   0x00000094   Code   RO         8337    i.HAL_RTC_Init      stm32f4xx_hal_rtc.o
    0x080055a0   0x080055a0   0x00000040   Code   RO          752    i.HAL_RTC_MspInit   rtc.o
    0x080055e0   0x080055e0   0x0000003c   Code   RO         8345    i.HAL_RTC_WaitForSynchro  stm32f4xx_hal_rtc.o
    0x0800561c   0x0800561c   0x000000be   Code   RO         8737    i.HAL_SPI_Init      stm32f4xx_hal_spi.o
    0x080056da   0x080056da   0x00000002   PAD
    0x080056dc   0x080056dc   0x000001cc   Code   RO          794    i.HAL_SPI_MspInit   spi.o
    0x080058a8   0x080058a8   0x000001f8   Code   RO         8746    i.HAL_SPI_TransmitReceive  stm32f4xx_hal_spi.o
    0x08005aa0   0x08005aa0   0x00000028   Code   RO         6788    i.HAL_SYSTICK_Config  stm32f4xx_hal_cortex.o
    0x08005ac8   0x08005ac8   0x00000066   Code   RO         9768    i.HAL_TIMEx_ConfigBreakDeadTime  stm32f4xx_hal_tim_ex.o
    0x08005b2e   0x08005b2e   0x00000082   Code   RO         9784    i.HAL_TIMEx_MasterConfigSynchronization  stm32f4xx_hal_tim_ex.o
    0x08005bb0   0x08005bb0   0x0000005c   Code   RO         9050    i.HAL_TIM_Base_Init  stm32f4xx_hal_tim.o
    0x08005c0c   0x08005c0c   0x0000011c   Code   RO          842    i.HAL_TIM_Base_MspInit  tim.o
    0x08005d28   0x08005d28   0x00000068   Code   RO         9053    i.HAL_TIM_Base_Start  stm32f4xx_hal_tim.o
    0x08005d90   0x08005d90   0x000000ea   Code   RO         9059    i.HAL_TIM_ConfigClockSource  stm32f4xx_hal_tim.o
    0x08005e7a   0x08005e7a   0x00000002   PAD
    0x08005e7c   0x08005e7c   0x000002c0   Code   RO          843    i.HAL_TIM_MspPostInit  tim.o
    0x0800613c   0x0800613c   0x000000d8   Code   RO         9122    i.HAL_TIM_PWM_ConfigChannel  stm32f4xx_hal_tim.o
    0x08006214   0x08006214   0x0000005c   Code   RO         9125    i.HAL_TIM_PWM_Init  stm32f4xx_hal_tim.o
    0x08006270   0x08006270   0x00000002   Code   RO         9127    i.HAL_TIM_PWM_MspInit  stm32f4xx_hal_tim.o
    0x08006272   0x08006272   0x00000002   PAD
    0x08006274   0x08006274   0x000000cc   Code   RO         9130    i.HAL_TIM_PWM_Start  stm32f4xx_hal_tim.o
    0x08006340   0x08006340   0x00000002   Code   RO        10043    i.HAL_UARTEx_RxEventCallback  stm32f4xx_hal_uart.o
    0x08006342   0x08006342   0x00000002   Code   RO        10057    i.HAL_UART_ErrorCallback  stm32f4xx_hal_uart.o
    0x08006344   0x08006344   0x00000260   Code   RO        10060    i.HAL_UART_IRQHandler  stm32f4xx_hal_uart.o
    0x080065a4   0x080065a4   0x00000064   Code   RO        10061    i.HAL_UART_Init     stm32f4xx_hal_uart.o
    0x08006608   0x08006608   0x00000344   Code   RO          920    i.HAL_UART_MspInit  usart.o
    0x0800694c   0x0800694c   0x00000002   Code   RO        10067    i.HAL_UART_RxCpltCallback  stm32f4xx_hal_uart.o
    0x0800694e   0x0800694e   0x00000002   Code   RO        10072    i.HAL_UART_TxCpltCallback  stm32f4xx_hal_uart.o
    0x08006950   0x08006950   0x00000130   Code   RO         4478    i.H_K_R_Adjustment  kalman_filter.o
    0x08006a80   0x08006a80   0x00000004   Code   RO         1387    i.HardFault_Handler  stm32f4xx_it.o
    0x08006a84   0x08006a84   0x0000000c   Code   RO         3074    i.ID1_speed_limit   referee_lib.o
    0x08006a90   0x08006a90   0x00000008   Code   RO         5296    i.IMUData_Update    imutask.o
    0x08006a98   0x08006a98   0x00000374   Code   RO         5297    i.IMU_Param_Correction  imutask.o
    0x08006e0c   0x08006e0c   0x00000238   Code   RO         4693    i.IMU_QuaternionEKF_F_Linearization_P_Fading  quaternionekf.o
    0x08007044   0x08007044   0x00000130   Code   RO         4694    i.IMU_QuaternionEKF_Init  quaternionekf.o
    0x08007174   0x08007174   0x00000034   Code   RO         4695    i.IMU_QuaternionEKF_Observe  quaternionekf.o
    0x080071a8   0x080071a8   0x00000128   Code   RO         4696    i.IMU_QuaternionEKF_SetH  quaternionekf.o
    0x080072d0   0x080072d0   0x00000634   Code   RO         4697    i.IMU_QuaternionEKF_Update  quaternionekf.o
    0x08007904   0x08007904   0x00000508   Code   RO         4698    i.IMU_QuaternionEKF_xhatUpdate  quaternionekf.o
    0x08007e0c   0x08007e0c   0x00000074   Code   RO         5298    i.IMU_Temperature_Ctrl  imutask.o
    0x08007e80   0x08007e80   0x000000c4   Code   RO         5299    i.INS_Init          imutask.o
    0x08007f44   0x08007f44   0x000002b0   Code   RO         5300    i.INS_Task          imutask.o
    0x080081f4   0x080081f4   0x0000070c   Code   RO         4479    i.Kalman_Filter_Init  kalman_filter.o
    0x08008900   0x08008900   0x00000050   Code   RO         4480    i.Kalman_Filter_Measure  kalman_filter.o
    0x08008950   0x08008950   0x00000068   Code   RO         4481    i.Kalman_Filter_P_Update  kalman_filter.o
    0x080089b8   0x080089b8   0x00000068   Code   RO         4482    i.Kalman_Filter_PminusUpdate  kalman_filter.o
    0x08008a20   0x08008a20   0x000000d2   Code   RO         4483    i.Kalman_Filter_SetK  kalman_filter.o
    0x08008af2   0x08008af2   0x00000002   PAD
    0x08008af4   0x08008af4   0x00000128   Code   RO         4484    i.Kalman_Filter_Update  kalman_filter.o
    0x08008c1c   0x08008c1c   0x0000007c   Code   RO         4485    i.Kalman_Filter_xhatMinusUpdate  kalman_filter.o
    0x08008c98   0x08008c98   0x00000086   Code   RO         4486    i.Kalman_Filter_xhatUpdate  kalman_filter.o
    0x08008d1e   0x08008d1e   0x00000002   PAD
    0x08008d20   0x08008d20   0x00000020   Code   RO         4445    i.Low_Pass_Filter_Init  filter.o
    0x08008d40   0x08008d40   0x00000042   Code   RO         4446    i.Low_Pass_Filter_OUT  filter.o
    0x08008d82   0x08008d82   0x00000002   PAD
    0x08008d84   0x08008d84   0x00000070   Code   RO          494    i.MX_ADC1_Init      adc.o
    0x08008df4   0x08008df4   0x00000070   Code   RO          495    i.MX_ADC3_Init      adc.o
    0x08008e64   0x08008e64   0x00000044   Code   RO          542    i.MX_CAN1_Init      can.o
    0x08008ea8   0x08008ea8   0x00000044   Code   RO          543    i.MX_CAN2_Init      can.o
    0x08008eec   0x08008eec   0x00000020   Code   RO          591    i.MX_CRC_Init       crc.o
    0x08008f0c   0x08008f0c   0x000000c8   Code   RO          631    i.MX_DMA_Init       dma.o
    0x08008fd4   0x08008fd4   0x000000d0   Code   RO          433    i.MX_FREERTOS_Init  freertos.o
    0x080090a4   0x080090a4   0x00000278   Code   RO          409    i.MX_GPIO_Init      gpio.o
    0x0800931c   0x0800931c   0x0000003c   Code   RO          657    i.MX_I2C1_Init      i2c.o
    0x08009358   0x08009358   0x0000003c   Code   RO          658    i.MX_I2C2_Init      i2c.o
    0x08009394   0x08009394   0x0000003c   Code   RO          659    i.MX_I2C3_Init      i2c.o
    0x080093d0   0x080093d0   0x00000020   Code   RO          711    i.MX_RNG_Init       rng.o
    0x080093f0   0x080093f0   0x00000034   Code   RO          753    i.MX_RTC_Init       rtc.o
    0x08009424   0x08009424   0x00000048   Code   RO          795    i.MX_SPI1_Init      spi.o
    0x0800946c   0x0800946c   0x00000048   Code   RO          796    i.MX_SPI2_Init      spi.o
    0x080094b4   0x080094b4   0x0000006c   Code   RO          844    i.MX_TIM10_Init     tim.o
    0x08009520   0x08009520   0x0000010c   Code   RO          845    i.MX_TIM1_Init      tim.o
    0x0800962c   0x0800962c   0x000000a4   Code   RO          846    i.MX_TIM3_Init      tim.o
    0x080096d0   0x080096d0   0x000000a4   Code   RO          847    i.MX_TIM4_Init      tim.o
    0x08009774   0x08009774   0x000000c4   Code   RO          848    i.MX_TIM5_Init      tim.o
    0x08009838   0x08009838   0x000000ec   Code   RO          849    i.MX_TIM8_Init      tim.o
    0x08009924   0x08009924   0x0000003c   Code   RO          921    i.MX_USART1_UART_Init  usart.o
    0x08009960   0x08009960   0x0000003c   Code   RO          922    i.MX_USART3_UART_Init  usart.o
    0x0800999c   0x0800999c   0x00000038   Code   RO          923    i.MX_USART6_UART_Init  usart.o
    0x080099d4   0x080099d4   0x00000040   Code   RO         2246    i.MY_UART_DMA_Init  bsp_usart.o
    0x08009a14   0x08009a14   0x00000066   Code   RO         2247    i.MY_UART_Receive_DMA  bsp_usart.o
    0x08009a7a   0x08009a7a   0x00000002   PAD
    0x08009a7c   0x08009a7c   0x00000168   Code   RO         2248    i.MY_UART_callback  bsp_usart.o
    0x08009be4   0x08009be4   0x00000004   Code   RO         1388    i.MemManage_Handler  stm32f4xx_it.o
    0x08009be8   0x08009be8   0x00000002   Code   RO         1389    i.NMI_Handler       stm32f4xx_it.o
    0x08009bea   0x08009bea   0x00000002   PAD
    0x08009bec   0x08009bec   0x0000002c   Code   RO         3169    i.OLED_com_reset    oled.o
    0x08009c18   0x08009c18   0x0000024c   Code   RO         3765    i.OLS_Derivative    user_lib.o
    0x08009e64   0x08009e64   0x00000058   Code   RO         3766    i.OLS_Init          user_lib.o
    0x08009ebc   0x08009ebc   0x00000010   Code   RO         1390    i.OTG_FS_IRQHandler  stm32f4xx_it.o
    0x08009ecc   0x08009ecc   0x00000048   Code   RO         5427    i.PCD_EP_OutSetupPacket_int  stm32f4xx_hal_pcd.o
    0x08009f14   0x08009f14   0x000000e8   Code   RO         5428    i.PCD_EP_OutXfrComplete_int  stm32f4xx_hal_pcd.o
    0x08009ffc   0x08009ffc   0x000000a2   Code   RO         5429    i.PCD_WriteEmptyTxFifo  stm32f4xx_hal_pcd.o
    0x0800a09e   0x0800a09e   0x000002d0   Code   RO         4564    i.PID_Calculate     controller.o
    0x0800a36e   0x0800a36e   0x00000002   PAD
    0x0800a370   0x0800a370   0x000000bc   Code   RO         4565    i.PID_Init          controller.o
    0x0800a42c   0x0800a42c   0x000001f0   Code   RO         4258    i.PID_calc          pid.o
    0x0800a61c   0x0800a61c   0x0000004c   Code   RO         4259    i.PID_clear         pid.o
    0x0800a668   0x0800a668   0x00000060   Code   RO         4260    i.PID_init          pid.o
    0x0800a6c8   0x0800a6c8   0x00000050   Code   RO         4308    i.PID_struct_init   my_pid.o
    0x0800a718   0x0800a718   0x0000009c   Code   RO         2137    i.RC_Init           bsp_rc.o
    0x0800a7b4   0x0800a7b4   0x00000048   Code   RO         8348    i.RTC_EnterInitMode  stm32f4xx_hal_rtc.o
    0x0800a7fc   0x0800a7fc   0x0000002c   Code   RO         8349    i.RTC_ExitInitMode  stm32f4xx_hal_rtc.o
    0x0800a828   0x0800a828   0x00000064   Code   RO         8775    i.SPI_EndRxTxTransaction  stm32f4xx_hal_spi.o
    0x0800a88c   0x0800a88c   0x000000d8   Code   RO         8780    i.SPI_WaitFlagStateUntilTimeout  stm32f4xx_hal_spi.o
    0x0800a964   0x0800a964   0x00000012   Code   RO          434    i.StartINSTask      freertos.o
    0x0800a976   0x0800a976   0x00000014   Code   RO         1391    i.SysTick_Handler   stm32f4xx_it.o
    0x0800a98a   0x0800a98a   0x00000002   PAD
    0x0800a98c   0x0800a98c   0x000000b4   Code   RO           15    i.SystemClock_Config  main.o
    0x0800aa40   0x0800aa40   0x00000064   Code   RO         1536    i.SystemInit        system_stm32f4xx.o
    0x0800aaa4   0x0800aaa4   0x000000b8   Code   RO         9143    i.TIM_Base_SetConfig  stm32f4xx_hal_tim.o
    0x0800ab5c   0x0800ab5c   0x0000001e   Code   RO         9144    i.TIM_CCxChannelCmd  stm32f4xx_hal_tim.o
    0x0800ab7a   0x0800ab7a   0x00000016   Code   RO         9154    i.TIM_ETR_SetConfig  stm32f4xx_hal_tim.o
    0x0800ab90   0x0800ab90   0x00000010   Code   RO         9155    i.TIM_ITRx_SetConfig  stm32f4xx_hal_tim.o
    0x0800aba0   0x0800aba0   0x00000070   Code   RO         9156    i.TIM_OC1_SetConfig  stm32f4xx_hal_tim.o
    0x0800ac10   0x0800ac10   0x00000078   Code   RO         9157    i.TIM_OC2_SetConfig  stm32f4xx_hal_tim.o
    0x0800ac88   0x0800ac88   0x00000078   Code   RO         9158    i.TIM_OC3_SetConfig  stm32f4xx_hal_tim.o
    0x0800ad00   0x0800ad00   0x00000054   Code   RO         9159    i.TIM_OC4_SetConfig  stm32f4xx_hal_tim.o
    0x0800ad54   0x0800ad54   0x0000003a   Code   RO         1967    i.TIM_Set_PWM       bsp_imu_pwm.o
    0x0800ad8e   0x0800ad8e   0x00000026   Code   RO         9161    i.TIM_TI1_ConfigInputStage  stm32f4xx_hal_tim.o
    0x0800adb4   0x0800adb4   0x00000024   Code   RO         9163    i.TIM_TI2_ConfigInputStage  stm32f4xx_hal_tim.o
    0x0800add8   0x0800add8   0x00000020   Code   RO         4764    i.TOP_Priority      chassis_task.o
    0x0800adf8   0x0800adf8   0x00000010   Code   RO        10074    i.UART_DMAAbortOnError  stm32f4xx_hal_uart.o
    0x0800ae08   0x0800ae08   0x0000004e   Code   RO        10084    i.UART_EndRxTransfer  stm32f4xx_hal_uart.o
    0x0800ae56   0x0800ae56   0x0000001a   Code   RO        10085    i.UART_EndTransmit_IT  stm32f4xx_hal_uart.o
    0x0800ae70   0x0800ae70   0x000000c8   Code   RO        10087    i.UART_Receive_IT   stm32f4xx_hal_uart.o
    0x0800af38   0x0800af38   0x000000f8   Code   RO        10088    i.UART_SetConfig    stm32f4xx_hal_uart.o
    0x0800b030   0x0800b030   0x0000005e   Code   RO        10091    i.UART_Transmit_IT  stm32f4xx_hal_uart.o
    0x0800b08e   0x0800b08e   0x00000002   PAD
    0x0800b090   0x0800b090   0x00000014   Code   RO         1392    i.USART1_IRQHandler  stm32f4xx_it.o
    0x0800b0a4   0x0800b0a4   0x00000140   Code   RO         2911    i.USART3_IRQHandler  remote_control.o
    0x0800b1e4   0x0800b1e4   0x00000128   Code   RO         5129    i.USART6_IRQHandler  referee_usart_task.o
    0x0800b30c   0x0800b30c   0x00000014   Code   RO        11933    i.USBD_ClrClassConfig  usbd_core.o
    0x0800b320   0x0800b320   0x00000026   Code   RO        12095    i.USBD_ClrFeature   usbd_ctlreq.o
    0x0800b346   0x0800b346   0x00000004   Code   RO        11934    i.USBD_CoreFindEP   usbd_core.o
    0x0800b34a   0x0800b34a   0x00000004   Code   RO        11935    i.USBD_CoreFindIF   usbd_core.o
    0x0800b34e   0x0800b34e   0x00000010   Code   RO        12193    i.USBD_CtlContinueRx  usbd_ioreq.o
    0x0800b35e   0x0800b35e   0x00000010   Code   RO        12194    i.USBD_CtlContinueSendData  usbd_ioreq.o
    0x0800b36e   0x0800b36e   0x00000018   Code   RO        12096    i.USBD_CtlError     usbd_ctlreq.o
    0x0800b386   0x0800b386   0x00000016   Code   RO        12196    i.USBD_CtlReceiveStatus  usbd_ioreq.o
    0x0800b39c   0x0800b39c   0x0000001a   Code   RO        12197    i.USBD_CtlSendData  usbd_ioreq.o
    0x0800b3b6   0x0800b3b6   0x00000016   Code   RO        12198    i.USBD_CtlSendStatus  usbd_ioreq.o
    0x0800b3cc   0x0800b3cc   0x00000034   Code   RO        12097    i.USBD_GetConfig    usbd_ctlreq.o
    0x0800b400   0x0800b400   0x000001b4   Code   RO        12098    i.USBD_GetDescriptor  usbd_ctlreq.o
    0x0800b5b4   0x0800b5b4   0x00000036   Code   RO        12100    i.USBD_GetStatus    usbd_ctlreq.o
    0x0800b5ea   0x0800b5ea   0x0000002c   Code   RO         1034    i.USBD_Get_USB_Status  usbd_conf.o
    0x0800b616   0x0800b616   0x00000026   Code   RO         1035    i.USBD_LL_ClearStallEP  usbd_conf.o
    0x0800b63c   0x0800b63c   0x000000dc   Code   RO        11940    i.USBD_LL_DataInStage  usbd_core.o
    0x0800b718   0x0800b718   0x000000d0   Code   RO        11941    i.USBD_LL_DataOutStage  usbd_core.o
    0x0800b7e8   0x0800b7e8   0x00000004   Code   RO        11942    i.USBD_LL_DevConnected  usbd_core.o
    0x0800b7ec   0x0800b7ec   0x00000020   Code   RO        11943    i.USBD_LL_DevDisconnected  usbd_core.o
    0x0800b80c   0x0800b80c   0x00000038   Code   RO         1042    i.USBD_LL_IsStallEP  usbd_conf.o
    0x0800b844   0x0800b844   0x0000002a   Code   RO        11944    i.USBD_LL_IsoINIncomplete  usbd_core.o
    0x0800b86e   0x0800b86e   0x0000002a   Code   RO        11945    i.USBD_LL_IsoOUTIncomplete  usbd_core.o
    0x0800b898   0x0800b898   0x00000030   Code   RO         1043    i.USBD_LL_OpenEP    usbd_conf.o
    0x0800b8c8   0x0800b8c8   0x00000030   Code   RO         1044    i.USBD_LL_PrepareReceive  usbd_conf.o
    0x0800b8f8   0x0800b8f8   0x00000060   Code   RO        11946    i.USBD_LL_Reset     usbd_core.o
    0x0800b958   0x0800b958   0x00000014   Code   RO        11947    i.USBD_LL_Resume    usbd_core.o
    0x0800b96c   0x0800b96c   0x0000001a   Code   RO        11948    i.USBD_LL_SOF       usbd_core.o
    0x0800b986   0x0800b986   0x00000006   Code   RO        11949    i.USBD_LL_SetSpeed  usbd_core.o
    0x0800b98c   0x0800b98c   0x00000026   Code   RO         1045    i.USBD_LL_SetUSBAddress  usbd_conf.o
    0x0800b9b2   0x0800b9b2   0x00000064   Code   RO        11950    i.USBD_LL_SetupStage  usbd_core.o
    0x0800ba16   0x0800ba16   0x00000026   Code   RO         1046    i.USBD_LL_StallEP   usbd_conf.o
    0x0800ba3c   0x0800ba3c   0x00000012   Code   RO        11951    i.USBD_LL_Suspend   usbd_core.o
    0x0800ba4e   0x0800ba4e   0x00000030   Code   RO         1049    i.USBD_LL_Transmit  usbd_conf.o
    0x0800ba7e   0x0800ba7e   0x00000032   Code   RO        12102    i.USBD_ParseSetupRequest  usbd_ctlreq.o
    0x0800bab0   0x0800bab0   0x00000004   Code   RO        11953    i.USBD_RunTestMode  usbd_core.o
    0x0800bab4   0x0800bab4   0x00000058   Code   RO        12103    i.USBD_SetAddress   usbd_ctlreq.o
    0x0800bb0c   0x0800bb0c   0x00000014   Code   RO        11954    i.USBD_SetClassConfig  usbd_core.o
    0x0800bb20   0x0800bb20   0x000000dc   Code   RO        12104    i.USBD_SetConfig    usbd_ctlreq.o
    0x0800bbfc   0x0800bbfc   0x00000024   Code   RO        12105    i.USBD_SetFeature   usbd_ctlreq.o
    0x0800bc20   0x0800bc20   0x00000076   Code   RO        12106    i.USBD_StdDevReq    usbd_ctlreq.o
    0x0800bc96   0x0800bc96   0x0000022e   Code   RO        12107    i.USBD_StdEPReq     usbd_ctlreq.o
    0x0800bec4   0x0800bec4   0x0000008a   Code   RO        12108    i.USBD_StdItfReq    usbd_ctlreq.o
    0x0800bf4e   0x0800bf4e   0x00000002   PAD
    0x0800bf50   0x0800bf50   0x0000009c   Code   RO         5678    i.USB_ActivateEndpoint  stm32f4xx_ll_usb.o
    0x0800bfec   0x0800bfec   0x0000001c   Code   RO         5680    i.USB_ActivateSetup  stm32f4xx_ll_usb.o
    0x0800c008   0x0800c008   0x0000012e   Code   RO         5693    i.USB_EP0StartXfer  stm32f4xx_ll_usb.o
    0x0800c136   0x0800c136   0x00000002   PAD
    0x0800c138   0x0800c138   0x00000060   Code   RO         5694    i.USB_EP0_OutStart  stm32f4xx_ll_usb.o
    0x0800c198   0x0800c198   0x00000058   Code   RO         5695    i.USB_EPClearStall  stm32f4xx_ll_usb.o
    0x0800c1f0   0x0800c1f0   0x0000005e   Code   RO         5696    i.USB_EPSetStall    stm32f4xx_ll_usb.o
    0x0800c24e   0x0800c24e   0x0000022c   Code   RO         5697    i.USB_EPStartXfer   stm32f4xx_ll_usb.o
    0x0800c47a   0x0800c47a   0x000000b4   Code   RO         5698    i.USB_EPStopXfer    stm32f4xx_ll_usb.o
    0x0800c52e   0x0800c52e   0x00000002   PAD
    0x0800c530   0x0800c530   0x00000058   Code   RO         5701    i.USB_FlushTxFifo   stm32f4xx_ll_usb.o
    0x0800c588   0x0800c588   0x00000020   Code   RO         5703    i.USB_GetDevSpeed   stm32f4xx_ll_usb.o
    0x0800c5a8   0x0800c5a8   0x00000008   Code   RO         5705    i.USB_GetMode       stm32f4xx_ll_usb.o
    0x0800c5b0   0x0800c5b0   0x0000000e   Code   RO         5712    i.USB_ReadDevAllInEpInterrupt  stm32f4xx_ll_usb.o
    0x0800c5be   0x0800c5be   0x0000000e   Code   RO         5713    i.USB_ReadDevAllOutEpInterrupt  stm32f4xx_ll_usb.o
    0x0800c5cc   0x0800c5cc   0x00000024   Code   RO         5714    i.USB_ReadDevInEPInterrupt  stm32f4xx_ll_usb.o
    0x0800c5f0   0x0800c5f0   0x00000010   Code   RO         5715    i.USB_ReadDevOutEPInterrupt  stm32f4xx_ll_usb.o
    0x0800c600   0x0800c600   0x00000008   Code   RO         5716    i.USB_ReadInterrupts  stm32f4xx_ll_usb.o
    0x0800c608   0x0800c608   0x00000048   Code   RO         5717    i.USB_ReadPacket    stm32f4xx_ll_usb.o
    0x0800c650   0x0800c650   0x00000022   Code   RO         5720    i.USB_SetDevAddress  stm32f4xx_ll_usb.o
    0x0800c672   0x0800c672   0x00000002   PAD
    0x0800c674   0x0800c674   0x000000f4   Code   RO         5722    i.USB_SetTurnaroundTime  stm32f4xx_ll_usb.o
    0x0800c768   0x0800c768   0x00000034   Code   RO         5725    i.USB_WritePacket   stm32f4xx_ll_usb.o
    0x0800c79c   0x0800c79c   0x00000004   Code   RO         1393    i.UsageFault_Handler  stm32f4xx_it.o
    0x0800c7a0   0x0800c7a0   0x00000026   Code   RO        13052    i.__ARM_fpclassifyf  m_wm.l(fpclassifyf.o)
    0x0800c7c6   0x0800c7c6   0x00000006   Code   RO         3976    i.__get_PRIMASK     fifo.o
    0x0800c7cc   0x0800c7cc   0x00000118   Code   RO        12771    i.__hardfp_acosf    m_wm.l(acosf.o)
    0x0800c8e4   0x0800c8e4   0x0000012c   Code   RO        12783    i.__hardfp_asinf    m_wm.l(asinf.o)
    0x0800ca10   0x0800ca10   0x00000250   Code   RO        12795    i.__hardfp_atan2f   m_wm.l(atan2f.o)
    0x0800cc60   0x0800cc60   0x00000014   Code   RO        12807    i.__hardfp_fabs     m_wm.l(fabs.o)
    0x0800cc74   0x0800cc74   0x0000003a   Code   RO        12831    i.__hardfp_sqrtf    m_wm.l(sqrtf_full.o)
    0x0800ccae   0x0800ccae   0x00000006   Code   RO        13055    i.__mathlib_flt_infnan  m_wm.l(funder.o)
    0x0800ccb4   0x0800ccb4   0x00000006   Code   RO        13056    i.__mathlib_flt_infnan2  m_wm.l(funder.o)
    0x0800ccba   0x0800ccba   0x00000002   PAD
    0x0800ccbc   0x0800ccbc   0x00000010   Code   RO        13057    i.__mathlib_flt_invalid  m_wm.l(funder.o)
    0x0800cccc   0x0800cccc   0x00000010   Code   RO        13060    i.__mathlib_flt_underflow  m_wm.l(funder.o)
    0x0800ccdc   0x0800ccdc   0x00000006   Code   RO         3977    i.__set_PRIMASK     fifo.o
    0x0800cce2   0x0800cce2   0x00000002   PAD
    0x0800cce4   0x0800cce4   0x00000068   Code   RO         2108    i.aRGB_led_show     bsp_led.o
    0x0800cd4c   0x0800cd4c   0x00000030   Code   RO         3769    i.abs_limit         user_lib.o
    0x0800cd7c   0x0800cd7c   0x0000003c   Code   RO         1572    i.adcx_get_chx_value  bsp_adc.o
    0x0800cdb8   0x0800cdb8   0x00000044   Code   RO         5245    i.battery_voltage_task  voltage_task.o
    0x0800cdfc   0x0800cdfc   0x0000016c   Code   RO         3309    i.bmi088_accel_init  bmi088driver.o
    0x0800cf68   0x0800cf68   0x00000130   Code   RO         3310    i.bmi088_gyro_init  bmi088driver.o
    0x0800d098   0x0800d098   0x0000004c   Code   RO         2011    i.bsp_I2C_reset     bsp_i2c.o
    0x0800d0e4   0x0800d0e4   0x000000e8   Code   RO         5246    i.calc_battery_percentage  voltage_task.o
    0x0800d1cc   0x0800d1cc   0x0000005c   Code   RO         1760    i.can_filter_init   bsp_can.o
    0x0800d228   0x0800d228   0x000000b8   Code   RO         2642    i.chassis_behaviour_control_set  chassis_behaviour.o
    0x0800d2e0   0x0800d2e0   0x000000f0   Code   RO         2643    i.chassis_behaviour_mode_set  chassis_behaviour.o
    0x0800d3d0   0x0800d3d0   0x000001b0   Code   RO         4765    i.chassis_control_loop  chassis_task.o
    0x0800d580   0x0800d580   0x00000060   Code   RO         2644    i.chassis_engineer_follow_chassis_yaw_control  chassis_behaviour.o
    0x0800d5e0   0x0800d5e0   0x00000160   Code   RO         4766    i.chassis_feedback_update  chassis_task.o
    0x0800d740   0x0800d740   0x000000c4   Code   RO         2645    i.chassis_infantry_follow_gimbal_yaw_control  chassis_behaviour.o
    0x0800d804   0x0800d804   0x000000c8   Code   RO         4767    i.chassis_init      chassis_task.o
    0x0800d8cc   0x0800d8cc   0x000008a8   Code   RO         4768    i.chassis_jude_mode  chassis_task.o
    0x0800e174   0x0800e174   0x0000006c   Code   RO         4769    i.chassis_mode_change_control_transit  chassis_task.o
    0x0800e1e0   0x0800e1e0   0x00000026   Code   RO         2646    i.chassis_no_follow_yaw_control  chassis_behaviour.o
    0x0800e206   0x0800e206   0x00000002   PAD
    0x0800e208   0x0800e208   0x0000002c   Code   RO         2647    i.chassis_no_move_control  chassis_behaviour.o
    0x0800e234   0x0800e234   0x0000005c   Code   RO         2648    i.chassis_open_set_control  chassis_behaviour.o
    0x0800e290   0x0800e290   0x00000204   Code   RO         4770    i.chassis_power_control  chassis_task.o
    0x0800e494   0x0800e494   0x0000015c   Code   RO         4771    i.chassis_rc_to_control_vector  chassis_task.o
    0x0800e5f0   0x0800e5f0   0x0000037c   Code   RO         4772    i.chassis_set_contorl  chassis_task.o
    0x0800e96c   0x0800e96c   0x00000012   Code   RO         4773    i.chassis_set_mode  chassis_task.o
    0x0800e97e   0x0800e97e   0x00000002   PAD
    0x0800e980   0x0800e980   0x00000060   Code   RO         4774    i.chassis_task      chassis_task.o
    0x0800e9e0   0x0800e9e0   0x00000050   Code   RO         4775    i.chassis_vector_to_mecanum_wheel_speed  chassis_task.o
    0x0800ea30   0x0800ea30   0x0000002c   Code   RO         2649    i.chassis_zero_force_control  chassis_behaviour.o
    0x0800ea5c   0x0800ea5c   0x00000030   Code   RO         1829    i.delay_init        bsp_delay.o
    0x0800ea8c   0x0800ea8c   0x00000124   Code   RO         4867    i.detect_hook       detect_task.o
    0x0800ebb0   0x0800ebb0   0x00000184   Code   RO         4868    i.detect_init       detect_task.o
    0x0800ed34   0x0800ed34   0x00000288   Code   RO         4869    i.detect_task       detect_task.o
    0x0800efbc   0x0800efbc   0x000000f0   Code   RO         4568    i.f_Changing_Integration_Rate  controller.o
    0x0800f0ac   0x0800f0ac   0x00000056   Code   RO         4569    i.f_Derivative_Filter  controller.o
    0x0800f102   0x0800f102   0x000000f4   Code   RO         4570    i.f_Derivative_On_Measurement  controller.o
    0x0800f1f6   0x0800f1f6   0x00000002   PAD
    0x0800f1f8   0x0800f1f8   0x000000f0   Code   RO         4571    i.f_Integral_Limit  controller.o
    0x0800f2e8   0x0800f2e8   0x00000056   Code   RO         4572    i.f_Output_Filter   controller.o
    0x0800f33e   0x0800f33e   0x00000046   Code   RO         4573    i.f_Output_Limit    controller.o
    0x0800f384   0x0800f384   0x000000b4   Code   RO         4574    i.f_PID_ErrorHandle  controller.o
    0x0800f438   0x0800f438   0x00000046   Code   RO         4575    i.f_Proportion_Limit  controller.o
    0x0800f47e   0x0800f47e   0x00000080   Code   RO         4576    i.f_Trapezoid_Intergral  controller.o
    0x0800f4fe   0x0800f4fe   0x0000003a   Code   RO         3995    i.fifo_s_get        fifo.o
    0x0800f538   0x0800f538   0x00000016   Code   RO         3998    i.fifo_s_init       fifo.o
    0x0800f54e   0x0800f54e   0x000000a0   Code   RO         4004    i.fifo_s_puts       fifo.o
    0x0800f5ee   0x0800f5ee   0x00000006   Code   RO         4006    i.fifo_s_used       fifo.o
    0x0800f5f4   0x0800f5f4   0x00000054   Code   RO         3770    i.first_order_filter_cali  user_lib.o
    0x0800f648   0x0800f648   0x00000024   Code   RO         3771    i.first_order_filter_init  user_lib.o
    0x0800f66c   0x0800f66c   0x00000048   Code   RO         3772    i.float_rounding    user_lib.o
    0x0800f6b4   0x0800f6b4   0x0000002a   Code   RO         3773    i.fp32_constrain    user_lib.o
    0x0800f6de   0x0800f6de   0x00000002   PAD
    0x0800f6e0   0x0800f6e0   0x00000018   Code   RO         1929    i.fric_off          bsp_fric.o
    0x0800f6f8   0x0800f6f8   0x00000034   Code   RO         3917    i.get_CRC16_check_sum  crc8_crc16.o
    0x0800f72c   0x0800f72c   0x00000024   Code   RO         3918    i.get_CRC8_check_sum  crc8_crc16.o
    0x0800f750   0x0800f750   0x00000048   Code   RO         1573    i.get_battery_voltage  bsp_adc.o
    0x0800f798   0x0800f798   0x00000018   Code   RO         2422    i.get_chassis_motor_measure_point  can_receive.o
    0x0800f7b0   0x0800f7b0   0x0000001c   Code   RO         3078    i.get_chassis_power_and_buffer  referee_lib.o
    0x0800f7cc   0x0800f7cc   0x00000008   Code   RO         2423    i.get_pitch_gimbal_motor_measure_point  can_receive.o
    0x0800f7d4   0x0800f7d4   0x00000008   Code   RO         4912    i.get_pitch_motor_point  gimbal_task.o
    0x0800f7dc   0x0800f7dc   0x00000008   Code   RO         2912    i.get_remote_control_point  remote_control.o
    0x0800f7e4   0x0800f7e4   0x00000008   Code   RO         2426    i.get_shoot_trigger_measure_point  can_receive.o
    0x0800f7ec   0x0800f7ec   0x00000008   Code   RO         2427    i.get_yaw_gimbal_motor_measure_point  can_receive.o
    0x0800f7f4   0x0800f7f4   0x00000008   Code   RO         4913    i.get_yaw_motor_point  gimbal_task.o
    0x0800f7fc   0x0800f7fc   0x000000bc   Code   RO         4914    i.gimbal_PID_calc   gimbal_task.o
    0x0800f8b8   0x0800f8b8   0x00000030   Code   RO         4915    i.gimbal_PID_clear  gimbal_task.o
    0x0800f8e8   0x0800f8e8   0x00000030   Code   RO         4916    i.gimbal_PID_init   gimbal_task.o
    0x0800f918   0x0800f918   0x00000080   Code   RO         4917    i.gimbal_absolute_PITCH_angle_limit  gimbal_task.o
    0x0800f998   0x0800f998   0x0000004c   Code   RO         4918    i.gimbal_absolute_YAW_angle_limit  gimbal_task.o
    0x0800f9e4   0x0800f9e4   0x000001fc   Code   RO         2784    i.gimbal_absolute_angle_control  gimbal_behaviour.o
    0x0800fbe0   0x0800fbe0   0x0000008c   Code   RO         2785    i.gimbal_behaviour_control_set  gimbal_behaviour.o
    0x0800fc6c   0x0800fc6c   0x0000008c   Code   RO         2786    i.gimbal_behaviour_mode_set  gimbal_behaviour.o
    0x0800fcf8   0x0800fcf8   0x000001a0   Code   RO         2787    i.gimbal_behavour_set  gimbal_behaviour.o
    0x0800fe98   0x0800fe98   0x000001d0   Code   RO         2788    i.gimbal_cali_control  gimbal_behaviour.o
    0x08010068   0x08010068   0x0000002c   Code   RO         2789    i.gimbal_cmd_to_chassis_stop  gimbal_behaviour.o
    0x08010094   0x08010094   0x00000070   Code   RO         4919    i.gimbal_control_loop  gimbal_task.o
    0x08010104   0x08010104   0x00000088   Code   RO         4920    i.gimbal_feedback_update  gimbal_task.o
    0x0801018c   0x0801018c   0x00000150   Code   RO         4921    i.gimbal_init       gimbal_task.o
    0x080102dc   0x080102dc   0x000000c4   Code   RO         2791    i.gimbal_init_control  gimbal_behaviour.o
    0x080103a0   0x080103a0   0x000000c0   Code   RO         4922    i.gimbal_mode_change_control_transit  gimbal_task.o
    0x08010460   0x08010460   0x00000020   Code   RO         2792    i.gimbal_motionless_control  gimbal_behaviour.o
    0x08010480   0x08010480   0x0000005c   Code   RO         4923    i.gimbal_motor_absolute_angle_control  gimbal_task.o
    0x080104dc   0x080104dc   0x00000022   Code   RO         4924    i.gimbal_motor_raw_angle_control  gimbal_task.o
    0x080104fe   0x080104fe   0x0000005e   Code   RO         4925    i.gimbal_motor_relative_angle_control  gimbal_task.o
    0x0801055c   0x0801055c   0x0000004a   Code   RO         4926    i.gimbal_relative_PITCH_angle_limit  gimbal_task.o
    0x080105a6   0x080105a6   0x00000014   Code   RO         4927    i.gimbal_relative_YAW_angle_limit  gimbal_task.o
    0x080105ba   0x080105ba   0x00000002   PAD
    0x080105bc   0x080105bc   0x000000d4   Code   RO         2793    i.gimbal_relative_angle_control  gimbal_behaviour.o
    0x08010690   0x08010690   0x000000a0   Code   RO         4928    i.gimbal_set_control  gimbal_task.o
    0x08010730   0x08010730   0x00000012   Code   RO         4929    i.gimbal_set_mode   gimbal_task.o
    0x08010742   0x08010742   0x00000002   PAD
    0x08010744   0x08010744   0x00000090   Code   RO         4930    i.gimbal_task       gimbal_task.o
    0x080107d4   0x080107d4   0x00000020   Code   RO         2794    i.gimbal_zero_force_control  gimbal_behaviour.o
    0x080107f4   0x080107f4   0x000000c8   Code   RO         2866    i.init_referee_struct_data  referee.o
    0x080108bc   0x080108bc   0x00000040   Code   RO         1576    i.init_vrefint_reciprocal  bsp_adc.o
    0x080108fc   0x080108fc   0x0000003c   Code   RO         4699    i.invSqrt           quaternionekf.o
    0x08010938   0x08010938   0x00000010   Code   RO         2074    i.laser_off         bsp_laser.o
    0x08010948   0x08010948   0x00000010   Code   RO         2075    i.laser_on          bsp_laser.o
    0x08010958   0x08010958   0x000001b0   Code   RO         5056    i.led_RGB_flow_task  led_flow_task.o
    0x08010b08   0x08010b08   0x00000060   Code   RO         3778    i.loop_fp32_constrain  user_lib.o
    0x08010b68   0x08010b68   0x00000098   Code   RO           16    i.main              main.o
    0x08010c00   0x08010c00   0x0000000c   Code   RO        11419    i.makeFreeRtosPriority  cmsis_os.o
    0x08010c0c   0x08010c0c   0x00000034   Code   RO         4931    i.motor_ecd_to_angle_change  gimbal_task.o
    0x08010c40   0x08010c40   0x00000010   Code   RO        11421    i.osDelay           cmsis_os.o
    0x08010c50   0x08010c50   0x0000000a   Code   RO        11424    i.osKernelStart     cmsis_os.o
    0x08010c5a   0x08010c5a   0x0000005c   Code   RO        11458    i.osThreadCreate    cmsis_os.o
    0x08010cb6   0x08010cb6   0x00000002   PAD
    0x08010cb8   0x08010cb8   0x0000021c   Code   RO         4314    i.pid_calc_old      my_pid.o
    0x08010ed4   0x08010ed4   0x00000014   Code   RO         4315    i.pid_param_init    my_pid.o
    0x08010ee8   0x08010ee8   0x0000000e   Code   RO         4316    i.pid_reset         my_pid.o
    0x08010ef6   0x08010ef6   0x00000002   PAD
    0x08010ef8   0x08010ef8   0x00000080   Code   RO        10887    i.prvAddCurrentTaskToDelayedList  tasks.o
    0x08010f78   0x08010f78   0x00000088   Code   RO        10888    i.prvAddNewTaskToReadyList  tasks.o
    0x08011000   0x08011000   0x0000005c   Code   RO        11251    i.prvCheckForValidListAndQueue  timers.o
    0x0801105c   0x0801105c   0x00000040   Code   RO        10889    i.prvCheckTasksWaitingTermination  tasks.o
    0x0801109c   0x0801109c   0x00000024   Code   RO        10540    i.prvCopyDataFromQueue  queue.o
    0x080110c0   0x080110c0   0x0000006e   Code   RO        10541    i.prvCopyDataToQueue  queue.o
    0x0801112e   0x0801112e   0x00000040   Code   RO        10890    i.prvDeleteTCB      tasks.o
    0x0801116e   0x0801116e   0x00000002   PAD
    0x08011170   0x08011170   0x00000024   Code   RO        11252    i.prvGetNextExpireTime  timers.o
    0x08011194   0x08011194   0x00000050   Code   RO        11798    i.prvHeapInit       heap_4.o
    0x080111e4   0x080111e4   0x00000028   Code   RO        10891    i.prvIdleTask       tasks.o
    0x0801120c   0x0801120c   0x00000018   Code   RO        10544    i.prvInitialiseNewQueue  queue.o
    0x08011224   0x08011224   0x00000098   Code   RO        10892    i.prvInitialiseNewTask  tasks.o
    0x080112bc   0x080112bc   0x00000060   Code   RO        10893    i.prvInitialiseTaskLists  tasks.o
    0x0801131c   0x0801131c   0x0000005c   Code   RO        11799    i.prvInsertBlockIntoFreeList  heap_4.o
    0x08011378   0x08011378   0x00000048   Code   RO        11254    i.prvInsertTimerInActiveList  timers.o
    0x080113c0   0x080113c0   0x0000001a   Code   RO        10545    i.prvIsQueueEmpty   queue.o
    0x080113da   0x080113da   0x0000001e   Code   RO        10546    i.prvIsQueueFull    queue.o
    0x080113f8   0x080113f8   0x00000068   Code   RO        11255    i.prvProcessExpiredTimer  timers.o
    0x08011460   0x08011460   0x00000110   Code   RO        11256    i.prvProcessReceivedCommands  timers.o
    0x08011570   0x08011570   0x0000006c   Code   RO        11257    i.prvProcessTimerOrBlockTask  timers.o
    0x080115dc   0x080115dc   0x00000024   Code   RO        10894    i.prvResetNextTaskUnblockTime  tasks.o
    0x08011600   0x08011600   0x0000002c   Code   RO        11258    i.prvSampleTimeNow  timers.o
    0x0801162c   0x0801162c   0x00000078   Code   RO        11259    i.prvSwitchTimerLists  timers.o
    0x080116a4   0x080116a4   0x00000018   Code   RO        10896    i.prvTaskCheckFreeStackSpace  tasks.o
    0x080116bc   0x080116bc   0x00000030   Code   RO        11854    i.prvTaskExitError  port.o
    0x080116ec   0x080116ec   0x00000014   Code   RO        11260    i.prvTimerTask      timers.o
    0x08011700   0x08011700   0x00000068   Code   RO        10547    i.prvUnlockQueue    queue.o
    0x08011768   0x08011768   0x000000e8   Code   RO        11800    i.pvPortMalloc      heap_4.o
    0x08011850   0x08011850   0x0000002c   Code   RO        11855    i.pxPortInitialiseStack  port.o
    0x0801187c   0x0801187c   0x0000005a   Code   RO         3779    i.ramp_calc         user_lib.o
    0x080118d6   0x080118d6   0x0000005a   Code   RO         3780    i.ramp_calc_min     user_lib.o
    0x08011930   0x08011930   0x0000002c   Code   RO         3781    i.ramp_init         user_lib.o
    0x0801195c   0x0801195c   0x000001a4   Code   RO         2867    i.referee_data_solve  referee.o
    0x08011b00   0x08011b00   0x0000014c   Code   RO         5130    i.referee_unpack_fifo_data  referee_usart_task.o
    0x08011c4c   0x08011c4c   0x00000038   Code   RO         5131    i.referee_usart_task  referee_usart_task.o
    0x08011c84   0x08011c84   0x00000014   Code   RO         2913    i.remote_control_init  remote_control.o
    0x08011c98   0x08011c98   0x000000da   Code   RO         2914    i.sbus_to_rc        remote_control.o
    0x08011d72   0x08011d72   0x00000002   PAD
    0x08011d74   0x08011d74   0x00000058   Code   RO         2915    i.sbus_to_usart1    remote_control.o
    0x08011dcc   0x08011dcc   0x0000027c   Code   RO         2990    i.shoot_control_loop  shoot.o
    0x08012048   0x08012048   0x00000018   Code   RO         2991    i.shoot_feedback_update  shoot.o
    0x08012060   0x08012060   0x000000e4   Code   RO         2992    i.shoot_init        shoot.o
    0x08012144   0x08012144   0x00000164   Code   RO         2993    i.shoot_set_mode    shoot.o
    0x080122a8   0x080122a8   0x0000003e   Code   RO        12833    i.sqrtf             m_wm.l(sqrtf_full.o)
    0x080122e6   0x080122e6   0x00000002   PAD
    0x080122e8   0x080122e8   0x00000018   Code   RO         4871    i.toe_is_error      detect_task.o
    0x08012300   0x08012300   0x00000074   Code   RO         2994    i.trigger_motor_turn_back  shoot.o
    0x08012374   0x08012374   0x000000a8   Code   RO         2249    i.usart1_tx_dma_enable  bsp_usart.o
    0x0801241c   0x0801241c   0x00000074   Code   RO         2250    i.usart1_tx_dma_init  bsp_usart.o
    0x08012490   0x08012490   0x00000138   Code   RO         2251    i.usart6_init       bsp_usart.o
    0x080125c8   0x080125c8   0x00000026   Code   RO        10500    i.uxListRemove      list.o
    0x080125ee   0x080125ee   0x00000002   PAD
    0x080125f0   0x080125f0   0x00000014   Code   RO        10902    i.uxTaskGetStackHighWaterMark  tasks.o
    0x08012604   0x08012604   0x00000018   Code   RO          435    i.vApplicationGetIdleTaskMemory  freertos.o
    0x0801261c   0x0801261c   0x00000018   Code   RO          436    i.vApplicationGetTimerTaskMemory  freertos.o
    0x08012634   0x08012634   0x00000016   Code   RO        10501    i.vListInitialise   list.o
    0x0801264a   0x0801264a   0x00000006   Code   RO        10502    i.vListInitialiseItem  list.o
    0x08012650   0x08012650   0x00000036   Code   RO        10503    i.vListInsert       list.o
    0x08012686   0x08012686   0x00000018   Code   RO        10504    i.vListInsertEnd    list.o
    0x0801269e   0x0801269e   0x00000002   PAD
    0x080126a0   0x080126a0   0x00000040   Code   RO        11857    i.vPortEnterCritical  port.o
    0x080126e0   0x080126e0   0x0000002c   Code   RO        11858    i.vPortExitCritical  port.o
    0x0801270c   0x0801270c   0x00000064   Code   RO        11801    i.vPortFree         heap_4.o
    0x08012770   0x08012770   0x00000024   Code   RO        11859    i.vPortSetupTimerInterrupt  port.o
    0x08012794   0x08012794   0x00000054   Code   RO        11860    i.vPortValidateInterruptPriority  port.o
    0x080127e8   0x080127e8   0x00000028   Code   RO        10551    i.vQueueAddToRegistry  queue.o
    0x08012810   0x08012810   0x0000004a   Code   RO        10554    i.vQueueWaitForMessageRestricted  queue.o
    0x0801285a   0x0801285a   0x00000002   PAD
    0x0801285c   0x0801285c   0x00000050   Code   RO        10906    i.vTaskDelay        tasks.o
    0x080128ac   0x080128ac   0x00000010   Code   RO        10910    i.vTaskInternalSetTimeOutState  tasks.o
    0x080128bc   0x080128bc   0x0000000c   Code   RO        10911    i.vTaskMissedYield  tasks.o
    0x080128c8   0x080128c8   0x00000034   Code   RO        10913    i.vTaskPlaceOnEventList  tasks.o
    0x080128fc   0x080128fc   0x0000003c   Code   RO        10914    i.vTaskPlaceOnEventListRestricted  tasks.o
    0x08012938   0x08012938   0x00000090   Code   RO        10921    i.vTaskStartScheduler  tasks.o
    0x080129c8   0x080129c8   0x00000010   Code   RO        10923    i.vTaskSuspendAll   tasks.o
    0x080129d8   0x080129d8   0x00000060   Code   RO        10924    i.vTaskSwitchContext  tasks.o
    0x08012a38   0x08012a38   0x00000040   Code   RO         3919    i.verify_CRC16_check_sum  crc8_crc16.o
    0x08012a78   0x08012a78   0x0000002e   Code   RO         3920    i.verify_CRC8_check_sum  crc8_crc16.o
    0x08012aa6   0x08012aa6   0x00000002   PAD
    0x08012aa8   0x08012aa8   0x00000104   Code   RO        11861    i.xPortStartScheduler  port.o
    0x08012bac   0x08012bac   0x0000002c   Code   RO        11862    i.xPortSysTickHandler  port.o
    0x08012bd8   0x08012bd8   0x00000070   Code   RO        10558    i.xQueueGenericCreateStatic  queue.o
    0x08012c48   0x08012c48   0x00000090   Code   RO        10559    i.xQueueGenericReset  queue.o
    0x08012cd8   0x08012cd8   0x00000170   Code   RO        10560    i.xQueueGenericSend  queue.o
    0x08012e48   0x08012e48   0x000000be   Code   RO        10561    i.xQueueGenericSendFromISR  queue.o
    0x08012f06   0x08012f06   0x00000002   PAD
    0x08012f08   0x08012f08   0x00000148   Code   RO        10569    i.xQueueReceive     queue.o
    0x08013050   0x08013050   0x00000098   Code   RO        10927    i.xTaskCheckForTimeOut  tasks.o
    0x080130e8   0x080130e8   0x0000006c   Code   RO        10928    i.xTaskCreate       tasks.o
    0x08013154   0x08013154   0x00000060   Code   RO        10929    i.xTaskCreateStatic  tasks.o
    0x080131b4   0x080131b4   0x0000001c   Code   RO        10934    i.xTaskGetSchedulerState  tasks.o
    0x080131d0   0x080131d0   0x0000000c   Code   RO        10935    i.xTaskGetTickCount  tasks.o
    0x080131dc   0x080131dc   0x000000d4   Code   RO        10937    i.xTaskIncrementTick  tasks.o
    0x080132b0   0x080132b0   0x0000009c   Code   RO        10940    i.xTaskPriorityDisinherit  tasks.o
    0x0801334c   0x0801334c   0x00000078   Code   RO        10942    i.xTaskRemoveFromEventList  tasks.o
    0x080133c4   0x080133c4   0x000000cc   Code   RO        10943    i.xTaskResumeAll    tasks.o
    0x08013490   0x08013490   0x00000068   Code   RO        11267    i.xTimerCreateTimerTask  timers.o
    0x080134f8   0x080134f8   0x00000074   Code   RO        11268    i.xTimerGenericCommand  timers.o
    0x0801356c   0x0801356c   0x000002c4   Code   RO        12747    x$fpl$d2f           g_wm.l(d2f_clz.o)
    0x08013830   0x08013830   0x0000024c   Code   RO        12749    x$fpl$dadd          g_wm.l(daddsub_clz.o)
    0x08013a7c   0x08013a7c   0x00000018   Code   RO        13021    x$fpl$dcmpinf       g_wm.l(dcmpi.o)
    0x08013a94   0x08013a94   0x0000001a   Code   RO        12761    x$fpl$dfltn         g_wm.l(dflt_clz.o)
    0x08013aae   0x08013aae   0x00000002   PAD
    0x08013ab0   0x08013ab0   0x00000078   Code   RO        12765    x$fpl$dleqf         g_wm.l(dleqf.o)
    0x08013b28   0x08013b28   0x00000102   Code   RO        13023    x$fpl$dnaninf       g_wm.l(dnaninf.o)
    0x08013c2a   0x08013c2a   0x00000070   Code   RO        13025    x$fpl$drenorm       g_wm.l(drenorm_clz.o)
    0x08013c9a   0x08013c9a   0x0000000c   Code   RO        13027    x$fpl$dretinf       g_wm.l(dretinf.o)
    0x08013ca6   0x08013ca6   0x00000062   Code   RO        12767    x$fpl$drleqf        g_wm.l(drleqf.o)
    0x08013d08   0x08013d08   0x0000029c   Code   RO        12751    x$fpl$dsub          g_wm.l(daddsub_clz.o)
    0x08013fa4   0x08013fa4   0x0000017a   Code   RO        13031    x$fpl$dunder        g_wm.l(dunder_clz.o)
    0x0801411e   0x0801411e   0x00000002   PAD
    0x08014120   0x08014120   0x000001ec   Code   RO        13033    x$fpl$exception     g_wm.l(except.o)
    0x0801430c   0x0801430c   0x0000007a   Code   RO        12769    x$fpl$f2d           g_wm.l(f2d.o)
    0x08014386   0x08014386   0x000000f2   Code   RO        13035    x$fpl$fnaninf       g_wm.l(fnaninf.o)
    0x08014478   0x08014478   0x0000000a   Code   RO        13135    x$fpl$fpinit        g_wm.l(fpinit.o)
    0x08014482   0x08014482   0x0000000a   Code   RO        13037    x$fpl$fretinf       g_wm.l(fretinf.o)
    0x0801448c   0x0801448c   0x0000013c   Code   RO        13039    x$fpl$funder        g_wm.l(funder_clz.o)
    0x080145c8   0x080145c8   0x000000b2   Code   RO        13137    x$fpl$retnan        g_wm.l(retnan.o)
    0x0801467a   0x0801467a   0x0000007e   Code   RO        13049    x$fpl$trapveneer    g_wm.l(trapv.o)
    0x080146f8   0x080146f8   0x00000000   Code   RO        13051    x$fpl$usenofp       g_wm.l(usenofp.o)
    0x080146f8   0x080146f8   0x000000c4   Data   RO          438    .constdata          freertos.o
    0x080147bc   0x080147bc   0x00000018   Data   RO         1537    .constdata          system_stm32f4xx.o
    0x080147d4   0x080147d4   0x00000302   Data   RO         3921    .constdata          crc8_crc16.o
    0x08014ad6   0x08014ad6   0x00000002   PAD
    0x08014ad8   0x08014ad8   0x00000090   Data   RO         4701    .constdata          quaternionekf.o
    0x08014b68   0x08014b68   0x00000020   Data   RO         4777    .constdata          chassis_task.o
    0x08014b88   0x08014b88   0x00000054   Data   RO         4873    .constdata          detect_task.o
    0x08014bdc   0x08014bdc   0x00000018   Data   RO         4934    .constdata          gimbal_task.o
    0x08014bf4   0x08014bf4   0x00000030   Data   RO         5304    .constdata          imutask.o
    0x08014c24   0x08014c24   0x00000008   Data   RO         6507    .constdata          stm32f4xx_hal_dma.o
    0x08014c2c   0x08014c2c   0x00000804   Data   RO        12636    .constdata          arm_cortexM4lf_math.lib(arm_common_tables.o)
    0x08015430   0x08015430   0x00000044   Data   RO          439    .conststring        freertos.o
    0x08015474   0x08015474   0x00000020   Data   RO        13271    Region$$Table       anon$$obj.o


    Execution Region RW_IRAM2 (Exec base: 0x10000000, Load base: 0x08015580, Size: 0x00000000, Max: 0x00010000, ABSOLUTE)

    **** No section assigned to this execution region ****


    Execution Region RW_IRAM1 (Exec base: 0x20000000, Load base: 0x08015494, Size: 0x0000d6c0, Max: 0x00020000, ABSOLUTE, COMPRESSED[0x000000ec])

    Exec Addr    Load Addr    Size         Type   Attr      Idx    E Section Name        Object

    0x20000000   COMPRESSED   0x00000030   Data   RW          440    .data               freertos.o
    0x20000030   COMPRESSED   0x00000004   Data   RW          545    .data               can.o
    0x20000034   COMPRESSED   0x00000008   Data   RW          592    .data               crc.o
    0x2000003c   COMPRESSED   0x00000004   Data   RW         1538    .data               system_stm32f4xx.o
    0x20000040   COMPRESSED   0x00000004   Data   RW         1578    .data               bsp_adc.o
    0x20000044   COMPRESSED   0x00000008   Data   RW         1832    .data               bsp_delay.o
    0x2000004c   COMPRESSED   0x00000008   Data   RW         2109    .data               bsp_led.o
    0x20000054   COMPRESSED   0x00000004   PAD
    0x20000058   COMPRESSED   0x00000040   Data   RW         2349    .data               bsp_dwt.o
    0x20000098   COMPRESSED   0x00000019   Data   RW         2429    .data               can_receive.o
    0x200000b1   COMPRESSED   0x00000003   PAD
    0x200000b4   COMPRESSED   0x00000015   Data   RW         2650    .data               chassis_behaviour.o
    0x200000c9   COMPRESSED   0x00000003   PAD
    0x200000cc   COMPRESSED   0x0000001c   Data   RW         2795    .data               gimbal_behaviour.o
    0x200000e8   COMPRESSED   0x0000002d   Data   RW         2869    .data               referee.o
    0x20000115   COMPRESSED   0x00000001   PAD
    0x20000116   COMPRESSED   0x00000003   Data   RW         2919    .data               remote_control.o
    0x20000119   COMPRESSED   0x00000003   PAD
    0x2000011c   COMPRESSED   0x0000004c   Data   RW         2996    .data               shoot.o
    0x20000168   COMPRESSED   0x00000008   Data   RW         3185    .data               oled.o
    0x20000170   COMPRESSED   0x00000048   Data   RW         3312    .data               bmi088driver.o
    0x200001b8   COMPRESSED   0x00000004   Data   RW         3396    .data               bmi088middleware.o
    0x200001bc   COMPRESSED   0x00000014   Data   RW         3784    .data               user_lib.o
    0x200001d0   COMPRESSED   0x00000002   Data   RW         3922    .data               crc8_crc16.o
    0x200001d2   COMPRESSED   0x00000004   Data   RW         4487    .data               kalman_filter.o
    0x200001d6   COMPRESSED   0x00000002   PAD
    0x200001d8   COMPRESSED   0x00000270   Data   RW         4577    .data               controller.o
    0x20000448   COMPRESSED   0x000000d4   Data   RW         4702    .data               quaternionekf.o
    0x2000051c   COMPRESSED   0x00000030   Data   RW         4778    .data               chassis_task.o
    0x2000054c   COMPRESSED   0x00000009   Data   RW         4874    .data               detect_task.o
    0x20000555   COMPRESSED   0x00000003   PAD
    0x20000558   COMPRESSED   0x00000014   Data   RW         4935    .data               gimbal_task.o
    0x2000056c   COMPRESSED   0x0000001c   Data   RW         5057    .data               led_flow_task.o
    0x20000588   COMPRESSED   0x00000002   Data   RW         5133    .data               referee_usart_task.o
    0x2000058a   COMPRESSED   0x00000002   PAD
    0x2000058c   COMPRESSED   0x00000008   Data   RW         5248    .data               voltage_task.o
    0x20000594   COMPRESSED   0x00000048   Data   RW         5305    .data               imutask.o
    0x200005dc   COMPRESSED   0x0000000c   Data   RW         6929    .data               stm32f4xx_hal.o
    0x200005e8   COMPRESSED   0x0000003c   Data   RW        10946    .data               tasks.o
    0x20000624   COMPRESSED   0x00000014   Data   RW        11276    .data               timers.o
    0x20000638   COMPRESSED   0x00000020   Data   RW        11807    .data               heap_4.o
    0x20000658   COMPRESSED   0x0000000c   Data   RW        11863    .data               port.o
    0x20000664   COMPRESSED   0x00000001   Data   RW        12109    .data               usbd_ctlreq.o
    0x20000665   COMPRESSED   0x00000003   PAD
    0x20000668        -       0x000006a8   Zero   RW          437    .bss                freertos.o
    0x20000d10        -       0x00000090   Zero   RW          496    .bss                adc.o
    0x20000da0        -       0x00000050   Zero   RW          544    .bss                can.o
    0x20000df0        -       0x0000015c   Zero   RW          660    .bss                i2c.o
    0x20000f4c        -       0x00000010   Zero   RW          712    .bss                rng.o
    0x20000f5c        -       0x00000020   Zero   RW          754    .bss                rtc.o
    0x20000f7c        -       0x00000170   Zero   RW          797    .bss                spi.o
    0x200010ec        -       0x000001b0   Zero   RW          850    .bss                tim.o
    0x2000129c        -       0x000002ac   Zero   RW          924    .bss                usart.o
    0x20001548        -       0x0000072c   Zero   RW         1052    .bss                usbd_conf.o
    0x20001c74        -       0x00000010   Zero   RW         1577    .bss                bsp_adc.o
    0x20001c84        -       0x00000064   Zero   RW         2253    .bss                bsp_usart.o
    0x20001ce8        -       0x000000e4   Zero   RW         2428    .bss                can_receive.o
    0x20001dcc        -       0x00000072   Zero   RW         2868    .bss                referee.o
    0x20001e3e        -       0x00000072   Zero   RW         2918    .bss                remote_control.o
    0x20001eb0        -       0x00000184   Zero   RW         2995    .bss                shoot.o
    0x20002034        -       0x00000040   Zero   RW         3311    .bss                bmi088driver.o
    0x20002074        -       0x000000d8   Zero   RW         4317    .bss                my_pid.o
    0x2000214c   COMPRESSED   0x00000004   PAD
    0x20002150        -       0x00000270   Zero   RW         4700    .bss                quaternionekf.o
    0x200023c0        -       0x00000250   Zero   RW         4776    .bss                chassis_task.o
    0x20002610        -       0x0000021c   Zero   RW         4872    .bss                detect_task.o
    0x2000282c        -       0x000001ec   Zero   RW         4933    .bss                gimbal_task.o
    0x20002a18        -       0x000008a1   Zero   RW         5132    .bss                referee_usart_task.o
    0x200032b9   COMPRESSED   0x00000003   PAD
    0x200032bc        -       0x00000160   Zero   RW         5303    .bss                imutask.o
    0x2000341c        -       0x00000040   Zero   RW        10572    .bss                queue.o
    0x2000345c        -       0x000000f0   Zero   RW        10945    .bss                tasks.o
    0x2000354c        -       0x00000110   Zero   RW        11275    .bss                timers.o
    0x2000365c        -       0x00006000   Zero   RW        11806    .bss                heap_4.o
    0x2000965c        -       0x00000060   Zero   RW        13074    .bss                c_w.l(libspace.o)
    0x200096bc   COMPRESSED   0x00000004   PAD
    0x200096c0        -       0x00002000   Zero   RW            2    HEAP                startup_stm32f407xx.o
    0x2000b6c0        -       0x00002000   Zero   RW            1    STACK               startup_stm32f407xx.o


==============================================================================

Image component sizes


      Code (inc. data)   RO Data    RW Data    ZI Data      Debug   Object Name

       396         42          0          0        144       2286   adc.o
         0          0          0          0          0        384   ahrs_middleware.o
      2882        174          0         72         64      10029   bmi088driver.o
       116         30          0          4          0       3252   bmi088middleware.o
       196         28          0          4         16     649521   bsp_adc.o
        92          8          0          0          0        582   bsp_can.o
        48         16          0          8          0        653   bsp_delay.o
       580        112          0         64          0       4326   bsp_dwt.o
        24          6          0          0          0        447   bsp_fric.o
       200         30          0          0          0       1476   bsp_i2c.o
        58          0          0          0          0        918   bsp_imu_pwm.o
        32         10          0          0          0        899   bsp_laser.o
       104         22          0          8          0        584   bsp_led.o
       156         14          0          0          0       1002   bsp_rc.o
      1122         66          0          0        100       4563   bsp_usart.o
       488         44          0          4         80       2358   can.o
      1216         86          0         25        228     601747   can_receive.o
       934         74          0         21          0      36156   chassis_behaviour.o
      5290        406         32         48        592      11602   chassis_task.o
       130          0          0          0          0      22839   cmsis_os.o
      2252         38          0        624          0      11832   controller.o
        84         18          0          8          0       1443   crc.o
       198         16        770          2          0       3641   crc8_crc16.o
      1352         46         84          9        540       3282   detect_task.o
       200          6          0          0          0        830   dma.o
         0          0          0          0          0      19652   event_groups.o
       258          0          0          0          0       9667   fifo.o
        98          6          0          0          0       1761   filter.o
       274         52        264         48       1704       4225   freertos.o
      2184        178          0         28          0       8368   gimbal_behaviour.o
      1968        108         24         20        492      13499   gimbal_task.o
       632         26          0          0          0       1327   gpio.o
       504         32          0         32      24576       4991   heap_4.o
       700         80          0          0        348       3024   i2c.o
      2584        196         48         72        352       9230   imutask.o
         0          0          0          0          0      13332   kalman.o
      3160         26          0          4          0       8447   kalman_filter.o
       432         10          0         28          0       1621   led_flow_task.o
       144          0          0          0          0       3558   list.o
       334         14          0          0          0     795838   main.o
       654         14          0          0        216       4753   my_pid.o
        44         10          0          8          0       2133   oled.o
       668         12          0          0          0       2994   pid.o
       814         92          0         12          0      11949   port.o
      4156        234        144        212        624       9707   quaternionekf.o
      1586         24          0          0         64      17332   queue.o
       620        148          0         45        114       7998   referee.o
        52         16          0          0          0       1779   referee_lib.o
       684         50          0          2       2209       3912   referee_usart_task.o
       654         44          0          3        114       3804   remote_control.o
        84         18          0          0         16       1443   rng.o
       116         22          0          0         32       1471   rtc.o
      1464        214          0         76        388      10368   shoot.o
       604         54          0          0        368       2520   spi.o
        64         26        392          0      16384        836   startup_stm32f407xx.o
       188         30          0         12          0       9361   stm32f4xx_hal.o
      1262         42          0          0          0       5266   stm32f4xx_hal_adc.o
      2004          6          0          0          0      14587   stm32f4xx_hal_can.o
       208         16          0          0          0      33651   stm32f4xx_hal_cortex.o
        36          0          0          0          0       1043   stm32f4xx_hal_crc.o
      1234         18          8          0          0       7355   stm32f4xx_hal_dma.o
       568         24          0          0          0       3520   stm32f4xx_hal_gpio.o
       428         18          0          0          0       2103   stm32f4xx_hal_i2c.o
        84          6          0          0          0        826   stm32f4xx_hal_msp.o
      2358         12          0          0          0      10998   stm32f4xx_hal_pcd.o
         2          0          0          0          0        929   stm32f4xx_hal_pcd_ex.o
      1722        104          0          0          0       6472   stm32f4xx_hal_rcc.o
       380         34          0          0          0       1504   stm32f4xx_hal_rcc_ex.o
        52          0          0          0          0       1075   stm32f4xx_hal_rng.o
       324          0          0          0          0       3303   stm32f4xx_hal_rtc.o
      1010         14          0          0          0       4713   stm32f4xx_hal_spi.o
      1706         56          0          0          0      13447   stm32f4xx_hal_tim.o
       232          0          0          0          0       2272   stm32f4xx_hal_tim_ex.o
      1378         10          0          0          0       9456   stm32f4xx_hal_uart.o
       212         46          0          0          0       9057   stm32f4xx_it.o
      2118         80          0          0          0      16398   stm32f4xx_ll_usb.o
       100         18         24          4          0       1143   system_stm32f4xx.o
      2324        202          0         60        240      28944   tasks.o
      2124        162          0          0        432       6735   tim.o
      1088         94          0         20        272      30679   timers.o
      1012         94          0          0        684       3495   usart.o
       632          6          0          0       1836      12558   usbd_conf.o
       866          0          0          0          0      12495   usbd_core.o
      1812         28          0          1          0      16323   usbd_ctlreq.o
       102          0          0          0          0       3788   usbd_ioreq.o
      1278         34          0         20          0      10884   user_lib.o
       300         62          0          8          0       1488   voltage_task.o

    ----------------------------------------------------------------------
     72918       4214       1824       1640      53236    2644059   Object Totals
         0          0         32          0          0          0   (incl. Generated)
        88          0          2         24          7          0   (incl. Padding)

    ----------------------------------------------------------------------

      Code (inc. data)   RO Data    RW Data    ZI Data      Debug   Library Member Name

         0          0       2052          0          0       4636   arm_common_tables.o
       120         12          0          0          0      16970   arm_cos_f32.o
       264          0          0          0          0       1482   arm_mat_add_f32.o
         8          0          0          0          0        843   arm_mat_init_f32.o
      1328          4          0          0          0       2718   arm_mat_inverse_f32.o
       316          4          0          0          0       1627   arm_mat_mult_f32.o
       264          0          0          0          0       1482   arm_mat_sub_f32.o
       276          0          0          0          0       1516   arm_mat_trans_f32.o
       116         12          0          0          0        658   arm_sin_f32.o
        90          0          0          0          0          0   __dczerorl2.o
         8          0          0          0          0         68   __main.o
         0          0          0          0          0          0   __rtentry.o
        12          0          0          0          0          0   __rtentry2.o
         6          0          0          0          0          0   __rtentry4.o
        52          8          0          0          0          0   __scatter.o
        28          0          0          0          0          0   __scatter_zi.o
        48          4          0          0          0         84   _fptrap.o
        22          0          0          0          0        100   _rserrno.o
        16          0          0          0          0         68   aeabi_memset.o
        10          0          0          0          0         68   defsig_exit.o
       172        110          0          0          0         76   defsig_fpe_inner.o
        14          0          0          0          0         80   defsig_fpe_outer.o
        50          0          0          0          0         88   defsig_general.o
        80         58          0          0          0         76   defsig_rtmem_inner.o
        14          0          0          0          0         80   defsig_rtmem_outer.o
        12          0          0          0          0         72   exit.o
        94          0          0          0          0         80   h1_alloc.o
        52          0          0          0          0         68   h1_extend.o
        78          0          0          0          0         80   h1_free.o
        14          0          0          0          0         84   h1_init.o
         6          0          0          0          0        152   heapauxi.o
         4          0          0          0          0        136   hguard.o
         0          0          0          0          0          0   indicate_semi.o
       138          0          0          0          0        168   init_alloc.o
         2          0          0          0          0          0   libinit.o
        14          0          0          0          0          0   libinit2.o
         2          0          0          0          0          0   libshutdown.o
         2          0          0          0          0          0   libshutdown2.o
         8          4          0          0         96         68   libspace.o
       238          0          0          0          0        100   lludivv7m.o
         0          0          0          0          0          0   maybetermalloc1.o
         8          4          0          0          0         68   rt_errno_addr_intlibspace.o
         8          4          0          0          0         68   rt_heap_descriptor_intlibspace.o
        68          0          0          0          0         68   rt_memclr.o
        78          0          0          0          0         80   rt_memclr_w.o
       138          0          0          0          0         68   rt_memcpy_v6.o
       100          0          0          0          0         80   rt_memcpy_w.o
         2          0          0          0          0          0   rtexit.o
        10          0          0          0          0          0   rtexit2.o
        12          4          0          0          0         68   sys_exit.o
        74          0          0          0          0         80   sys_stackheap_outer.o
        14          0          0          0          0         76   sys_wrch.o
         2          0          0          0          0         68   use_no_semi.o
       708         16          0          0          0        140   d2f_clz.o
      1256         28          0          0          0        408   daddsub_clz.o
        24          0          0          0          0        116   dcmpi.o
        26          0          0          0          0        116   dflt_clz.o
       120          8          0          0          0        140   dleqf.o
       258          4          0          0          0        156   dnaninf.o
       112          0          0          0          0        160   drenorm_clz.o
        12          0          0          0          0        116   dretinf.o
        98          0          0          0          0        128   drleqf.o
       378          0          0          0          0        168   dunder_clz.o
       492         36          0          0          0        148   except.o
       122          8          0          0          0        132   f2d.o
       242          4          0          0          0        144   fnaninf.o
        10          0          0          0          0        116   fpinit.o
        10          0          0          0          0        116   fretinf.o
       316          0          0          0          0        132   funder_clz.o
       178          0          0          0          0        116   retnan.o
       126          0          0          0          0        148   trapv.o
         0          0          0          0          0          0   usenofp.o
       280         46          0          0          0        176   acosf.o
       300         42          0          0          0        176   asinf.o
       592         90          0          0          0        184   atan2f.o
        20          0          0          0          0        124   fabs.o
        38          0          0          0          0        116   fpclassifyf.o
        44         12          0          0          0        464   funder.o
       120          0          0          0          0        272   sqrtf_full.o

    ----------------------------------------------------------------------
     10394        522       2052          0        100      38664   Library Totals
        20          0          0          0          4          0   (incl. Padding)

    ----------------------------------------------------------------------

      Code (inc. data)   RO Data    RW Data    ZI Data      Debug   Library Name

      2692         32       2052          0          0      31932   arm_cortexM4lf_math.lib
      1800        196          0          0         96       2520   c_w.l
      4488        104          0          0          0       2700   g_wm.l
      1394        190          0          0          0       1512   m_wm.l

    ----------------------------------------------------------------------
     10394        522       2052          0        100      38664   Library Totals

    ----------------------------------------------------------------------

==============================================================================


      Code (inc. data)   RO Data    RW Data    ZI Data      Debug   

     83312       4736       3876       1640      53336    2629619   Grand Totals
     83312       4736       3876        236      53336    2629619   ELF Image Totals (compressed)
     83312       4736       3876        236          0          0   ROM Totals

==============================================================================

    Total RO  Size (Code + RO Data)                87188 (  85.14kB)
    Total RW  Size (RW Data + ZI Data)             54976 (  53.69kB)
    Total ROM Size (Code + RO Data + RW Data)      87424 (  85.38kB)

==============================================================================

